// Jest Snapshot v1, https://goo.gl/fbAQLP

exports[`AccountDetailsScreen should render properly 1`] = `
<RCTScrollView
  style={
    Object {
      "minHeight": "100%",
    }
  }
>
  <View>
    <View
      style={
        Object {
          "alignItems": "center",
          "backgroundColor": "#f2f2f2",
          "borderBottomColor": "#dadada",
          "borderBottomWidth": 1,
          "paddingVertical": 20,
        }
      }
    >
      <Text
        style={
          Array [
            Object {
              "color": "#000000",
              "fontFamily": "System",
              "fontWeight": "400",
              "textAlign": "left",
              "writingDirection": "ltr",
            },
            Array [
              Object {
                "color": "rgba(0, 0, 0, 0.87)",
                "fontFamily": "System",
                "fontWeight": "500",
                "textAlign": "left",
                "writingDirection": "ltr",
              },
              Array [
                Object {
                  "fontSize": 20,
                  "letterSpacing": 0.15,
                  "lineHeight": 30,
                  "marginVertical": 2,
                },
                Object {
                  "marginBottom": 10,
                },
              ],
              Array [
                Object {
                  "fontSize": 20,
                  "letterSpacing": 0.15,
                  "lineHeight": 30,
                  "marginVertical": 2,
                },
                Object {
                  "marginBottom": 10,
                },
              ],
            ],
          ]
        }
      >
        Abdullah Behroz
      </Text>
      <View
        style={
          Object {
            "flexDirection": "row",
          }
        }
      >
        <View
          style={
            Object {
              "alignItems": "center",
              "marginHorizontal": 5,
            }
          }
        >
          <View
            style={
              Object {
                "marginBottom": 5,
                "paddingHorizontal": 20,
              }
            }
          >
            <Text
              style={
                Object {
                  "fontSize": 15,
                }
              }
            >
              Cardiovascular diseases
            </Text>
          </View>
          <View>
            <Text
              style={
                Object {
                  "color": "#999999",
                }
              }
            >
              Specialty
            </Text>
          </View>
        </View>
        <View
          style={
            Object {
              "alignItems": "center",
              "marginHorizontal": 5,
            }
          }
        >
          <View
            style={
              Object {
                "marginBottom": 5,
                "paddingHorizontal": 20,
              }
            }
          >
            <Text
              style={
                Object {
                  "fontSize": 15,
                }
              }
            >
              Dr. Behroz
            </Text>
          </View>
          <View>
            <Text
              style={
                Object {
                  "color": "#999999",
                }
              }
            >
              Parent Account
            </Text>
          </View>
        </View>
      </View>
    </View>
    <View
      style={
        Object {
          "alignItems": "center",
          "borderTopColor": "#dadada",
          "borderTopWidth": 1,
          "justifyContent": "center",
          "paddingBottom": 20,
          "paddingTop": 30,
          "width": "100%",
        }
      }
    >
      <Text
        style={
          Array [
            Object {
              "color": "#000000",
              "fontFamily": "System",
              "fontWeight": "400",
              "textAlign": "left",
              "writingDirection": "ltr",
            },
            Array [
              Object {
                "color": "rgba(0, 0, 0, 0.87)",
                "fontFamily": "System",
                "fontWeight": "500",
                "textAlign": "left",
                "writingDirection": "ltr",
              },
              Array [
                Object {
                  "fontSize": 20,
                  "letterSpacing": 0.15,
                  "lineHeight": 30,
                  "marginVertical": 2,
                },
                Object {
                  "marginBottom": 40,
                },
              ],
              Array [
                Object {
                  "fontSize": 20,
                  "letterSpacing": 0.15,
                  "lineHeight": 30,
                  "marginVertical": 2,
                },
                Object {
                  "marginBottom": 40,
                },
              ],
            ],
          ]
        }
      >
        Next Best Customer Score
      </Text>
      <View
        style={
          Object {
            "alignItems": "center",
            "justifyContent": "center",
          }
        }
      >
        <RNSVGSvgView
          bbHeight={360}
          bbWidth={360}
          fill="black"
          height={360}
          style={
            Array [
              Object {
                "backgroundColor": "transparent",
                "borderWidth": 0,
              },
              undefined,
              Object {
                "opacity": 1,
              },
              Object {
                "flex": 0,
                "height": 360,
                "width": 360,
              },
            ]
          }
          width={360}
        >
          <RNSVGGroup
            fill={
              Array [
                0,
                4278190080,
              ]
            }
            fillOpacity={1}
            fillRule={1}
            font={Object {}}
            matrix={
              Array [
                1,
                0,
                0,
                1,
                0,
                0,
              ]
            }
            opacity={1}
            originX={0}
            originY={0}
            propList={
              Array [
                "fill",
              ]
            }
            rotation={0}
            scaleX={1}
            scaleY={1}
            skewX={0}
            skewY={0}
            stroke={null}
            strokeDasharray={null}
            strokeDashoffset={null}
            strokeLinecap={0}
            strokeLinejoin={0}
            strokeMiterlimit={4}
            strokeOpacity={1}
            strokeWidth={1}
            vectorEffect={0}
            x={0}
            y={0}
          >
            <RNSVGText
              content={null}
              dx={Array []}
              dy={Array []}
              fill={
                Array [
                  0,
                  4278190080,
                ]
              }
              fillOpacity={1}
              fillRule={1}
              font={
                Object {
                  "textAnchor": "middle",
                }
              }
              matrix={
                Array [
                  1,
                  0,
                  0,
                  1,
                  0,
                  0,
                ]
              }
              opacity={1}
              originX={0}
              originY={0}
              propList={Array []}
              rotate={Array []}
              rotation={0}
              scaleX={1}
              scaleY={1}
              skewX={0}
              skewY={0}
              stroke={null}
              strokeDasharray={null}
              strokeDashoffset={null}
              strokeLinecap={0}
              strokeLinejoin={0}
              strokeMiterlimit={4}
              strokeOpacity={1}
              strokeWidth={1}
              vectorEffect={0}
              x={Array []}
              y={
                Array [
                  130,
                ]
              }
            >
              <RNSVGTSpan
                content="Score"
                dx={Array []}
                dy={Array []}
                fill={
                  Array [
                    0,
                    4278190080,
                  ]
                }
                fillOpacity={1}
                fillRule={1}
                font={
                  Object {
                    "fontSize": "20",
                  }
                }
                matrix={
                  Array [
                    1,
                    0,
                    0,
                    1,
                    0,
                    0,
                  ]
                }
                opacity={1}
                originX={0}
                originY={0}
                propList={Array []}
                rotate={Array []}
                rotation={0}
                scaleX={1}
                scaleY={1}
                skewX={0}
                skewY={0}
                stroke={null}
                strokeDasharray={null}
                strokeDashoffset={null}
                strokeLinecap={0}
                strokeLinejoin={0}
                strokeMiterlimit={4}
                strokeOpacity={1}
                strokeWidth={1}
                vectorEffect={0}
                x={
                  Array [
                    "50%",
                  ]
                }
                y={Array []}
              />
              <RNSVGTSpan
                content="50"
                dx={Array []}
                dy={
                  Array [
                    "60",
                  ]
                }
                fill={
                  Array [
                    0,
                    4278190080,
                  ]
                }
                fillOpacity={1}
                fillRule={1}
                font={
                  Object {
                    "fontSize": "60",
                  }
                }
                matrix={
                  Array [
                    1,
                    0,
                    0,
                    1,
                    0,
                    0,
                  ]
                }
                opacity={1}
                originX={0}
                originY={0}
                propList={Array []}
                rotate={Array []}
                rotation={0}
                scaleX={1}
                scaleY={1}
                skewX={0}
                skewY={0}
                stroke={null}
                strokeDasharray={null}
                strokeDashoffset={null}
                strokeLinecap={0}
                strokeLinejoin={0}
                strokeMiterlimit={4}
                strokeOpacity={1}
                strokeWidth={1}
                vectorEffect={0}
                x={
                  Array [
                    "50%",
                  ]
                }
                y={Array []}
              />
              <RNSVGTSpan
                content="Ranked 1st in Territory"
                dx={Array []}
                dy={
                  Array [
                    "35",
                  ]
                }
                fill={
                  Array [
                    0,
                    4285822068,
                  ]
                }
                fillOpacity={1}
                fillRule={1}
                font={
                  Object {
                    "fontSize": "20",
                  }
                }
                matrix={
                  Array [
                    1,
                    0,
                    0,
                    1,
                    0,
                    0,
                  ]
                }
                opacity={1}
                originX={0}
                originY={0}
                propList={
                  Array [
                    "fill",
                  ]
                }
                rotate={Array []}
                rotation={0}
                scaleX={1}
                scaleY={1}
                skewX={0}
                skewY={0}
                stroke={null}
                strokeDasharray={null}
                strokeDashoffset={null}
                strokeLinecap={0}
                strokeLinejoin={0}
                strokeMiterlimit={4}
                strokeOpacity={1}
                strokeWidth={1}
                vectorEffect={0}
                x={
                  Array [
                    "50%",
                  ]
                }
                y={Array []}
              />
            </RNSVGText>
            <View
              style={
                Object {
                  "left": 0,
                  "position": "absolute",
                  "top": 0,
                }
              }
            >
              <View
                className="VictoryContainer"
                onMoveShouldSetResponder={[Function]}
                onMoveShouldSetResponderCapture={[Function]}
                onResponderEnd={[Function]}
                onResponderGrant={[Function]}
                onResponderMove={[Function]}
                onResponderReject={[Function]}
                onResponderRelease={[Function]}
                onResponderStart={[Function]}
                onResponderTerminate={[Function]}
                onResponderTerminationRequest={[Function]}
                onStartShouldSetResponder={[Function]}
                onStartShouldSetResponderCapture={[Function]}
                pointerEvents="box-none"
                style={
                  Object {
                    "position": "relative",
                  }
                }
              >
                <RNSVGSvgView
                  align="xMidYMid"
                  bbHeight={360}
                  bbWidth={360}
                  height={360}
                  meetOrSlice={0}
                  minX={0}
                  minY={0}
                  role="img"
                  style={
                    Array [
                      Object {
                        "backgroundColor": "transparent",
                        "borderWidth": 0,
                      },
                      Object {
                        "height": "100%",
                        "width": "100%",
                      },
                      Object {
                        "opacity": 1,
                      },
                      Object {
                        "flex": 0,
                        "height": 360,
                        "width": 360,
                      },
                    ]
                  }
                  vbHeight={360}
                  vbWidth={360}
                  width={360}
                >
                  <RNSVGGroup
                    fill={
                      Array [
                        0,
                        4278190080,
                      ]
                    }
                    fillOpacity={1}
                    fillRule={1}
                    font={Object {}}
                    matrix={
                      Array [
                        1,
                        0,
                        0,
                        1,
                        0,
                        0,
                      ]
                    }
                    opacity={1}
                    originX={0}
                    originY={0}
                    propList={Array []}
                    rotation={0}
                    scaleX={1}
                    scaleY={1}
                    skewX={0}
                    skewY={0}
                    stroke={null}
                    strokeDasharray={null}
                    strokeDashoffset={null}
                    strokeLinecap={0}
                    strokeLinejoin={0}
                    strokeMiterlimit={4}
                    strokeOpacity={1}
                    strokeWidth={1}
                    vectorEffect={0}
                    x={0}
                    y={0}
                  >
                    <RNSVGGroup
                      fill={
                        Array [
                          0,
                          4278190080,
                        ]
                      }
                      fillOpacity={1}
                      fillRule={1}
                      font={Object {}}
                      matrix={
                        Array [
                          1,
                          0,
                          0,
                          1,
                          0,
                          0,
                        ]
                      }
                      opacity={1}
                      originX={0}
                      originY={0}
                      propList={Array []}
                      rotation={0}
                      scaleX={1}
                      scaleY={1}
                      skewX={0}
                      skewY={0}
                      stroke={null}
                      strokeDasharray={null}
                      strokeDashoffset={null}
                      strokeLinecap={0}
                      strokeLinejoin={0}
                      strokeMiterlimit={4}
                      strokeOpacity={1}
                      strokeWidth={1}
                      vectorEffect={0}
                      x={0}
                      y={0}
                    >
                      <RNSVGPath
                        d="M1.1021821192326179e-14,-180A180,180,0,1,1,-1.1021821192326179e-14,180A180,180,0,1,1,1.1021821192326179e-14,-180M1.0567220997420333e-13,-150A150,150,0,1,0,-1.0567220997420333e-13,150A150,150,0,1,0,1.0567220997420333e-13,-150Z"
                        fill={
                          Array [
                            0,
                            4294177779,
                          ]
                        }
                        fillOpacity={1}
                        fillRule={1}
                        matrix={
                          Array [
                            1,
                            0,
                            0,
                            1,
                            180,
                            180,
                          ]
                        }
                        opacity={1}
                        originX={0}
                        originY={0}
                        propList={
                          Array [
                            "fill",
                          ]
                        }
                        rotation={0}
                        scaleX={1}
                        scaleY={1}
                        skewX={0}
                        skewY={0}
                        stroke={null}
                        strokeDasharray={null}
                        strokeDashoffset={null}
                        strokeLinecap={0}
                        strokeLinejoin={0}
                        strokeMiterlimit={4}
                        strokeOpacity={1}
                        strokeWidth={1}
                        vectorEffect={0}
                        x={0}
                        y={0}
                      />
                      <RNSVGPath
                        d="M1.26806651969044e-13,-180L1.0567220997420333e-13,-150Z"
                        fill={
                          Array [
                            0,
                            0,
                          ]
                        }
                        fillOpacity={1}
                        fillRule={1}
                        matrix={
                          Array [
                            1,
                            0,
                            0,
                            1,
                            180,
                            180,
                          ]
                        }
                        opacity={1}
                        originX={0}
                        originY={0}
                        propList={
                          Array [
                            "fill",
                          ]
                        }
                        rotation={0}
                        scaleX={1}
                        scaleY={1}
                        skewX={0}
                        skewY={0}
                        stroke={null}
                        strokeDasharray={null}
                        strokeDashoffset={null}
                        strokeLinecap={0}
                        strokeLinejoin={0}
                        strokeMiterlimit={4}
                        strokeOpacity={1}
                        strokeWidth={1}
                        vectorEffect={0}
                        x={0}
                        y={0}
                      />
                      <RNSVGTSpan
                        content={null}
                        dx={Array []}
                        dy={Array []}
                        fill={
                          Array [
                            0,
                            4280624421,
                          ]
                        }
                        fillOpacity={1}
                        fillRule={1}
                        font={
                          Object {
                            "fontFamily": "Gill Sans",
                            "fontSize": 14,
                            "letterSpacing": "normal",
                            "textAnchor": "middle",
                          }
                        }
                        matrix={
                          Array [
                            1,
                            0,
                            0,
                            1,
                            0,
                            0,
                          ]
                        }
                        name="pie-labels-0"
                        opacity={1}
                        originX={0}
                        originY={0}
                        propList={
                          Array [
                            "fill",
                            "stroke",
                          ]
                        }
                        rotate={Array []}
                        rotation={0}
                        scaleX={1}
                        scaleY={1}
                        skewX={0}
                        skewY={0}
                        stroke={
                          Array [
                            0,
                            0,
                          ]
                        }
                        strokeDasharray={null}
                        strokeDashoffset={null}
                        strokeLinecap={0}
                        strokeLinejoin={0}
                        strokeMiterlimit={4}
                        strokeOpacity={1}
                        strokeWidth={1}
                        vectorEffect={0}
                        x={
                          Array [
                            180,
                          ]
                        }
                        y={
                          Array [
                            380,
                          ]
                        }
                      />
                      <RNSVGTSpan
                        content={null}
                        dx={Array []}
                        dy={Array []}
                        fill={
                          Array [
                            0,
                            4280624421,
                          ]
                        }
                        fillOpacity={1}
                        fillRule={1}
                        font={
                          Object {
                            "fontFamily": "Gill Sans",
                            "fontSize": 14,
                            "letterSpacing": "normal",
                            "textAnchor": "middle",
                          }
                        }
                        matrix={
                          Array [
                            1,
                            0,
                            0,
                            1,
                            0,
                            0,
                          ]
                        }
                        name="pie-labels-1"
                        opacity={1}
                        originX={0}
                        originY={0}
                        propList={
                          Array [
                            "fill",
                            "stroke",
                          ]
                        }
                        rotate={Array []}
                        rotation={0}
                        scaleX={1}
                        scaleY={1}
                        skewX={0}
                        skewY={0}
                        stroke={
                          Array [
                            0,
                            0,
                          ]
                        }
                        strokeDasharray={null}
                        strokeDashoffset={null}
                        strokeLinecap={0}
                        strokeLinejoin={0}
                        strokeMiterlimit={4}
                        strokeOpacity={1}
                        strokeWidth={1}
                        vectorEffect={0}
                        x={
                          Array [
                            180,
                          ]
                        }
                        y={
                          Array [
                            -20,
                          ]
                        }
                      />
                    </RNSVGGroup>
                  </RNSVGGroup>
                </RNSVGSvgView>
                <View
                  pointerEvents="box-none"
                  style={
                    Object {
                      "left": 0,
                      "position": "absolute",
                      "top": 0,
                      "zIndex": 99,
                    }
                  }
                >
                  <RNSVGSvgView
                    align="xMidYMid"
                    bbHeight={360}
                    bbWidth={360}
                    height={360}
                    meetOrSlice={0}
                    minX={0}
                    minY={0}
                    style={
                      Array [
                        Object {
                          "backgroundColor": "transparent",
                          "borderWidth": 0,
                        },
                        Object {
                          "height": "100%",
                          "overflow": "visible",
                          "width": "100%",
                        },
                        Object {
                          "opacity": 1,
                        },
                        Object {
                          "flex": 0,
                          "height": 360,
                          "width": 360,
                        },
                      ]
                    }
                    vbHeight={360}
                    vbWidth={360}
                    width={360}
                  >
                    <RNSVGGroup
                      fill={
                        Array [
                          0,
                          4278190080,
                        ]
                      }
                      fillOpacity={1}
                      fillRule={1}
                      font={Object {}}
                      matrix={
                        Array [
                          1,
                          0,
                          0,
                          1,
                          0,
                          0,
                        ]
                      }
                      opacity={1}
                      originX={0}
                      originY={0}
                      propList={Array []}
                      rotation={0}
                      scaleX={1}
                      scaleY={1}
                      skewX={0}
                      skewY={0}
                      stroke={null}
                      strokeDasharray={null}
                      strokeDashoffset={null}
                      strokeLinecap={0}
                      strokeLinejoin={0}
                      strokeMiterlimit={4}
                      strokeOpacity={1}
                      strokeWidth={1}
                      vectorEffect={0}
                      x={0}
                      y={0}
                    />
                  </RNSVGSvgView>
                </View>
              </View>
            </View>
            <View
              style={
                Object {
                  "left": 0,
                  "position": "absolute",
                  "top": 0,
                }
              }
            >
              <View
                className="VictoryContainer"
                onMoveShouldSetResponder={[Function]}
                onMoveShouldSetResponderCapture={[Function]}
                onResponderEnd={[Function]}
                onResponderGrant={[Function]}
                onResponderMove={[Function]}
                onResponderReject={[Function]}
                onResponderRelease={[Function]}
                onResponderStart={[Function]}
                onResponderTerminate={[Function]}
                onResponderTerminationRequest={[Function]}
                onStartShouldSetResponder={[Function]}
                onStartShouldSetResponderCapture={[Function]}
                pointerEvents="box-none"
                style={
                  Object {
                    "position": "relative",
                  }
                }
              >
                <RNSVGSvgView
                  align="xMidYMid"
                  bbHeight={360}
                  bbWidth={360}
                  height={360}
                  meetOrSlice={0}
                  minX={0}
                  minY={0}
                  role="img"
                  style={
                    Array [
                      Object {
                        "backgroundColor": "transparent",
                        "borderWidth": 0,
                      },
                      Object {
                        "height": "100%",
                        "width": "100%",
                      },
                      Object {
                        "opacity": 1,
                      },
                      Object {
                        "flex": 0,
                        "height": 360,
                        "width": 360,
                      },
                    ]
                  }
                  vbHeight={360}
                  vbWidth={360}
                  width={360}
                >
                  <RNSVGGroup
                    fill={
                      Array [
                        0,
                        4278190080,
                      ]
                    }
                    fillOpacity={1}
                    fillRule={1}
                    font={Object {}}
                    matrix={
                      Array [
                        1,
                        0,
                        0,
                        1,
                        0,
                        0,
                      ]
                    }
                    opacity={1}
                    originX={0}
                    originY={0}
                    propList={Array []}
                    rotation={0}
                    scaleX={1}
                    scaleY={1}
                    skewX={0}
                    skewY={0}
                    stroke={null}
                    strokeDasharray={null}
                    strokeDashoffset={null}
                    strokeLinecap={0}
                    strokeLinejoin={0}
                    strokeMiterlimit={4}
                    strokeOpacity={1}
                    strokeWidth={1}
                    vectorEffect={0}
                    x={0}
                    y={0}
                  >
                    <RNSVGGroup
                      fill={
                        Array [
                          0,
                          4278190080,
                        ]
                      }
                      fillOpacity={1}
                      fillRule={1}
                      font={Object {}}
                      matrix={
                        Array [
                          1,
                          0,
                          0,
                          1,
                          0,
                          0,
                        ]
                      }
                      opacity={1}
                      originX={0}
                      originY={0}
                      propList={Array []}
                      rotation={0}
                      scaleX={1}
                      scaleY={1}
                      skewX={0}
                      skewY={0}
                      stroke={null}
                      strokeDasharray={null}
                      strokeDashoffset={null}
                      strokeLinecap={0}
                      strokeLinejoin={0}
                      strokeMiterlimit={4}
                      strokeOpacity={1}
                      strokeWidth={1}
                      vectorEffect={0}
                      x={0}
                      y={0}
                    >
                      <RNSVGPath
                        d="M1.1021821192326179e-14,-180L1.0103336092965664e-14,-165Z"
                        fill={
                          Array [
                            0,
                            4281508603,
                          ]
                        }
                        fillOpacity={1}
                        fillRule={1}
                        matrix={
                          Array [
                            1,
                            0,
                            0,
                            1,
                            180,
                            180,
                          ]
                        }
                        opacity={1}
                        originX={0}
                        originY={0}
                        propList={
                          Array [
                            "fill",
                          ]
                        }
                        rotation={0}
                        scaleX={1}
                        scaleY={1}
                        skewX={0}
                        skewY={0}
                        stroke={null}
                        strokeDasharray={null}
                        strokeDashoffset={null}
                        strokeLinecap={0}
                        strokeLinejoin={0}
                        strokeMiterlimit={4}
                        strokeOpacity={1}
                        strokeWidth={1}
                        vectorEffect={0}
                        x={0}
                        y={0}
                      />
                      <RNSVGPath
                        d="M1.1021821192326179e-14,-180A180,180,0,1,1,-1.1021821192326179e-14,180A180,180,0,1,1,1.1021821192326179e-14,-180M1.1623943097162368e-13,-165A165,165,0,1,0,-1.1623943097162368e-13,165A165,165,0,1,0,1.1623943097162368e-13,-165Z"
                        fill={
                          Array [
                            0,
                            0,
                          ]
                        }
                        fillOpacity={1}
                        fillRule={1}
                        matrix={
                          Array [
                            1,
                            0,
                            0,
                            1,
                            180,
                            180,
                          ]
                        }
                        opacity={1}
                        originX={0}
                        originY={0}
                        propList={
                          Array [
                            "fill",
                          ]
                        }
                        rotation={0}
                        scaleX={1}
                        scaleY={1}
                        skewX={0}
                        skewY={0}
                        stroke={null}
                        strokeDasharray={null}
                        strokeDashoffset={null}
                        strokeLinecap={0}
                        strokeLinejoin={0}
                        strokeMiterlimit={4}
                        strokeOpacity={1}
                        strokeWidth={1}
                        vectorEffect={0}
                        x={0}
                        y={0}
                      />
                      <RNSVGTSpan
                        content={null}
                        dx={Array []}
                        dy={Array []}
                        fill={
                          Array [
                            0,
                            4280624421,
                          ]
                        }
                        fillOpacity={1}
                        fillRule={1}
                        font={
                          Object {
                            "fontFamily": "Gill Sans",
                            "fontSize": 14,
                            "letterSpacing": "normal",
                            "textAnchor": "middle",
                          }
                        }
                        matrix={
                          Array [
                            1,
                            0,
                            0,
                            1,
                            0,
                            0,
                          ]
                        }
                        name="pie-labels-0"
                        opacity={1}
                        originX={0}
                        originY={0}
                        propList={
                          Array [
                            "fill",
                            "stroke",
                          ]
                        }
                        rotate={Array []}
                        rotation={0}
                        scaleX={1}
                        scaleY={1}
                        skewX={0}
                        skewY={0}
                        stroke={
                          Array [
                            0,
                            0,
                          ]
                        }
                        strokeDasharray={null}
                        strokeDashoffset={null}
                        strokeLinecap={0}
                        strokeLinejoin={0}
                        strokeMiterlimit={4}
                        strokeOpacity={1}
                        strokeWidth={1}
                        vectorEffect={0}
                        x={
                          Array [
                            180,
                          ]
                        }
                        y={
                          Array [
                            -20,
                          ]
                        }
                      />
                      <RNSVGTSpan
                        content={null}
                        dx={Array []}
                        dy={Array []}
                        fill={
                          Array [
                            0,
                            4280624421,
                          ]
                        }
                        fillOpacity={1}
                        fillRule={1}
                        font={
                          Object {
                            "fontFamily": "Gill Sans",
                            "fontSize": 14,
                            "letterSpacing": "normal",
                            "textAnchor": "middle",
                          }
                        }
                        matrix={
                          Array [
                            1,
                            0,
                            0,
                            1,
                            0,
                            0,
                          ]
                        }
                        name="pie-labels-1"
                        opacity={1}
                        originX={0}
                        originY={0}
                        propList={
                          Array [
                            "fill",
                            "stroke",
                          ]
                        }
                        rotate={Array []}
                        rotation={0}
                        scaleX={1}
                        scaleY={1}
                        skewX={0}
                        skewY={0}
                        stroke={
                          Array [
                            0,
                            0,
                          ]
                        }
                        strokeDasharray={null}
                        strokeDashoffset={null}
                        strokeLinecap={0}
                        strokeLinejoin={0}
                        strokeMiterlimit={4}
                        strokeOpacity={1}
                        strokeWidth={1}
                        vectorEffect={0}
                        x={
                          Array [
                            180,
                          ]
                        }
                        y={
                          Array [
                            380,
                          ]
                        }
                      />
                    </RNSVGGroup>
                  </RNSVGGroup>
                </RNSVGSvgView>
                <View
                  pointerEvents="box-none"
                  style={
                    Object {
                      "left": 0,
                      "position": "absolute",
                      "top": 0,
                      "zIndex": 99,
                    }
                  }
                >
                  <RNSVGSvgView
                    align="xMidYMid"
                    bbHeight={360}
                    bbWidth={360}
                    height={360}
                    meetOrSlice={0}
                    minX={0}
                    minY={0}
                    style={
                      Array [
                        Object {
                          "backgroundColor": "transparent",
                          "borderWidth": 0,
                        },
                        Object {
                          "height": "100%",
                          "overflow": "visible",
                          "width": "100%",
                        },
                        Object {
                          "opacity": 1,
                        },
                        Object {
                          "flex": 0,
                          "height": 360,
                          "width": 360,
                        },
                      ]
                    }
                    vbHeight={360}
                    vbWidth={360}
                    width={360}
                  >
                    <RNSVGGroup
                      fill={
                        Array [
                          0,
                          4278190080,
                        ]
                      }
                      fillOpacity={1}
                      fillRule={1}
                      font={Object {}}
                      matrix={
                        Array [
                          1,
                          0,
                          0,
                          1,
                          0,
                          0,
                        ]
                      }
                      opacity={1}
                      originX={0}
                      originY={0}
                      propList={Array []}
                      rotation={0}
                      scaleX={1}
                      scaleY={1}
                      skewX={0}
                      skewY={0}
                      stroke={null}
                      strokeDasharray={null}
                      strokeDashoffset={null}
                      strokeLinecap={0}
                      strokeLinejoin={0}
                      strokeMiterlimit={4}
                      strokeOpacity={1}
                      strokeWidth={1}
                      vectorEffect={0}
                      x={0}
                      y={0}
                    />
                  </RNSVGSvgView>
                </View>
              </View>
            </View>
            <View
              style={
                Object {
                  "left": 0,
                  "position": "absolute",
                  "top": 0,
                }
              }
            >
              <View
                className="VictoryContainer"
                onMoveShouldSetResponder={[Function]}
                onMoveShouldSetResponderCapture={[Function]}
                onResponderEnd={[Function]}
                onResponderGrant={[Function]}
                onResponderMove={[Function]}
                onResponderReject={[Function]}
                onResponderRelease={[Function]}
                onResponderStart={[Function]}
                onResponderTerminate={[Function]}
                onResponderTerminationRequest={[Function]}
                onStartShouldSetResponder={[Function]}
                onStartShouldSetResponderCapture={[Function]}
                pointerEvents="box-none"
                style={
                  Object {
                    "position": "relative",
                  }
                }
              >
                <RNSVGSvgView
                  align="xMidYMid"
                  bbHeight={360}
                  bbWidth={360}
                  height={360}
                  meetOrSlice={0}
                  minX={0}
                  minY={0}
                  role="img"
                  style={
                    Array [
                      Object {
                        "backgroundColor": "transparent",
                        "borderWidth": 0,
                      },
                      Object {
                        "height": "100%",
                        "width": "100%",
                      },
                      Object {
                        "opacity": 1,
                      },
                      Object {
                        "flex": 0,
                        "height": 360,
                        "width": 360,
                      },
                    ]
                  }
                  vbHeight={360}
                  vbWidth={360}
                  width={360}
                >
                  <RNSVGGroup
                    fill={
                      Array [
                        0,
                        4278190080,
                      ]
                    }
                    fillOpacity={1}
                    fillRule={1}
                    font={Object {}}
                    matrix={
                      Array [
                        1,
                        0,
                        0,
                        1,
                        0,
                        0,
                      ]
                    }
                    opacity={1}
                    originX={0}
                    originY={0}
                    propList={Array []}
                    rotation={0}
                    scaleX={1}
                    scaleY={1}
                    skewX={0}
                    skewY={0}
                    stroke={null}
                    strokeDasharray={null}
                    strokeDashoffset={null}
                    strokeLinecap={0}
                    strokeLinejoin={0}
                    strokeMiterlimit={4}
                    strokeOpacity={1}
                    strokeWidth={1}
                    vectorEffect={0}
                    x={0}
                    y={0}
                  >
                    <RNSVGGroup
                      fill={
                        Array [
                          0,
                          4278190080,
                        ]
                      }
                      fillOpacity={1}
                      fillRule={1}
                      font={Object {}}
                      matrix={
                        Array [
                          1,
                          0,
                          0,
                          1,
                          0,
                          0,
                        ]
                      }
                      opacity={1}
                      originX={0}
                      originY={0}
                      propList={Array []}
                      rotation={0}
                      scaleX={1}
                      scaleY={1}
                      skewX={0}
                      skewY={0}
                      stroke={null}
                      strokeDasharray={null}
                      strokeDashoffset={null}
                      strokeLinecap={0}
                      strokeLinejoin={0}
                      strokeMiterlimit={4}
                      strokeOpacity={1}
                      strokeWidth={1}
                      vectorEffect={0}
                      x={0}
                      y={0}
                    >
                      <RNSVGPath
                        d="M1.0103336092965664e-14,-165L9.184850993605149e-15,-150Z"
                        fill={
                          Array [
                            0,
                            4287744502,
                          ]
                        }
                        fillOpacity={1}
                        fillRule={1}
                        matrix={
                          Array [
                            1,
                            0,
                            0,
                            1,
                            180,
                            180,
                          ]
                        }
                        opacity={1}
                        originX={0}
                        originY={0}
                        propList={
                          Array [
                            "fill",
                          ]
                        }
                        rotation={0}
                        scaleX={1}
                        scaleY={1}
                        skewX={0}
                        skewY={0}
                        stroke={null}
                        strokeDasharray={null}
                        strokeDashoffset={null}
                        strokeLinecap={0}
                        strokeLinejoin={0}
                        strokeMiterlimit={4}
                        strokeOpacity={1}
                        strokeWidth={1}
                        vectorEffect={0}
                        x={0}
                        y={0}
                      />
                      <RNSVGPath
                        d="M1.0103336092965664e-14,-165A165,165,0,1,1,-1.0103336092965664e-14,165A165,165,0,1,1,1.0103336092965664e-14,-165M1.0567220997420333e-13,-150A150,150,0,1,0,-1.0567220997420333e-13,150A150,150,0,1,0,1.0567220997420333e-13,-150Z"
                        fill={
                          Array [
                            0,
                            0,
                          ]
                        }
                        fillOpacity={1}
                        fillRule={1}
                        matrix={
                          Array [
                            1,
                            0,
                            0,
                            1,
                            180,
                            180,
                          ]
                        }
                        opacity={1}
                        originX={0}
                        originY={0}
                        propList={
                          Array [
                            "fill",
                          ]
                        }
                        rotation={0}
                        scaleX={1}
                        scaleY={1}
                        skewX={0}
                        skewY={0}
                        stroke={null}
                        strokeDasharray={null}
                        strokeDashoffset={null}
                        strokeLinecap={0}
                        strokeLinejoin={0}
                        strokeMiterlimit={4}
                        strokeOpacity={1}
                        strokeWidth={1}
                        vectorEffect={0}
                        x={0}
                        y={0}
                      />
                      <RNSVGTSpan
                        content={null}
                        dx={Array []}
                        dy={Array []}
                        fill={
                          Array [
                            0,
                            4280624421,
                          ]
                        }
                        fillOpacity={1}
                        fillRule={1}
                        font={
                          Object {
                            "fontFamily": "Gill Sans",
                            "fontSize": 14,
                            "letterSpacing": "normal",
                            "textAnchor": "middle",
                          }
                        }
                        matrix={
                          Array [
                            1,
                            0,
                            0,
                            1,
                            0,
                            0,
                          ]
                        }
                        name="pie-labels-0"
                        opacity={1}
                        originX={0}
                        originY={0}
                        propList={
                          Array [
                            "fill",
                            "stroke",
                          ]
                        }
                        rotate={Array []}
                        rotation={0}
                        scaleX={1}
                        scaleY={1}
                        skewX={0}
                        skewY={0}
                        stroke={
                          Array [
                            0,
                            0,
                          ]
                        }
                        strokeDasharray={null}
                        strokeDashoffset={null}
                        strokeLinecap={0}
                        strokeLinejoin={0}
                        strokeMiterlimit={4}
                        strokeOpacity={1}
                        strokeWidth={1}
                        vectorEffect={0}
                        x={
                          Array [
                            180,
                          ]
                        }
                        y={
                          Array [
                            -5,
                          ]
                        }
                      />
                      <RNSVGTSpan
                        content={null}
                        dx={Array []}
                        dy={Array []}
                        fill={
                          Array [
                            0,
                            4280624421,
                          ]
                        }
                        fillOpacity={1}
                        fillRule={1}
                        font={
                          Object {
                            "fontFamily": "Gill Sans",
                            "fontSize": 14,
                            "letterSpacing": "normal",
                            "textAnchor": "middle",
                          }
                        }
                        matrix={
                          Array [
                            1,
                            0,
                            0,
                            1,
                            0,
                            0,
                          ]
                        }
                        name="pie-labels-1"
                        opacity={1}
                        originX={0}
                        originY={0}
                        propList={
                          Array [
                            "fill",
                            "stroke",
                          ]
                        }
                        rotate={Array []}
                        rotation={0}
                        scaleX={1}
                        scaleY={1}
                        skewX={0}
                        skewY={0}
                        stroke={
                          Array [
                            0,
                            0,
                          ]
                        }
                        strokeDasharray={null}
                        strokeDashoffset={null}
                        strokeLinecap={0}
                        strokeLinejoin={0}
                        strokeMiterlimit={4}
                        strokeOpacity={1}
                        strokeWidth={1}
                        vectorEffect={0}
                        x={
                          Array [
                            180,
                          ]
                        }
                        y={
                          Array [
                            365,
                          ]
                        }
                      />
                    </RNSVGGroup>
                  </RNSVGGroup>
                </RNSVGSvgView>
                <View
                  pointerEvents="box-none"
                  style={
                    Object {
                      "left": 0,
                      "position": "absolute",
                      "top": 0,
                      "zIndex": 99,
                    }
                  }
                >
                  <RNSVGSvgView
                    align="xMidYMid"
                    bbHeight={360}
                    bbWidth={360}
                    height={360}
                    meetOrSlice={0}
                    minX={0}
                    minY={0}
                    style={
                      Array [
                        Object {
                          "backgroundColor": "transparent",
                          "borderWidth": 0,
                        },
                        Object {
                          "height": "100%",
                          "overflow": "visible",
                          "width": "100%",
                        },
                        Object {
                          "opacity": 1,
                        },
                        Object {
                          "flex": 0,
                          "height": 360,
                          "width": 360,
                        },
                      ]
                    }
                    vbHeight={360}
                    vbWidth={360}
                    width={360}
                  >
                    <RNSVGGroup
                      fill={
                        Array [
                          0,
                          4278190080,
                        ]
                      }
                      fillOpacity={1}
                      fillRule={1}
                      font={Object {}}
                      matrix={
                        Array [
                          1,
                          0,
                          0,
                          1,
                          0,
                          0,
                        ]
                      }
                      opacity={1}
                      originX={0}
                      originY={0}
                      propList={Array []}
                      rotation={0}
                      scaleX={1}
                      scaleY={1}
                      skewX={0}
                      skewY={0}
                      stroke={null}
                      strokeDasharray={null}
                      strokeDashoffset={null}
                      strokeLinecap={0}
                      strokeLinejoin={0}
                      strokeMiterlimit={4}
                      strokeOpacity={1}
                      strokeWidth={1}
                      vectorEffect={0}
                      x={0}
                      y={0}
                    />
                  </RNSVGSvgView>
                </View>
              </View>
            </View>
          </RNSVGGroup>
        </RNSVGSvgView>
        <View
          className="VictoryContainer"
          onMoveShouldSetResponder={[Function]}
          onMoveShouldSetResponderCapture={[Function]}
          onResponderEnd={[Function]}
          onResponderGrant={[Function]}
          onResponderMove={[Function]}
          onResponderReject={[Function]}
          onResponderRelease={[Function]}
          onResponderStart={[Function]}
          onResponderTerminate={[Function]}
          onResponderTerminationRequest={[Function]}
          onStartShouldSetResponder={[Function]}
          onStartShouldSetResponderCapture={[Function]}
          pointerEvents="box-none"
          style={
            Object {
              "position": "relative",
            }
          }
        >
          <RNSVGSvgView
            align="xMidYMid"
            bbHeight={130}
            bbWidth={800}
            height={130}
            meetOrSlice={0}
            minX={0}
            minY={0}
            role="img"
            style={
              Array [
                Object {
                  "backgroundColor": "transparent",
                  "borderWidth": 0,
                },
                Object {
                  "height": "100%",
                  "width": "100%",
                },
                Object {
                  "opacity": 1,
                },
                Object {
                  "flex": 0,
                  "height": 130,
                  "width": 800,
                },
              ]
            }
            vbHeight={130}
            vbWidth={800}
            width={800}
          >
            <RNSVGGroup
              fill={
                Array [
                  0,
                  4278190080,
                ]
              }
              fillOpacity={1}
              fillRule={1}
              font={Object {}}
              matrix={
                Array [
                  1,
                  0,
                  0,
                  1,
                  0,
                  0,
                ]
              }
              opacity={1}
              originX={0}
              originY={0}
              propList={Array []}
              rotation={0}
              scaleX={1}
              scaleY={1}
              skewX={0}
              skewY={0}
              stroke={null}
              strokeDasharray={null}
              strokeDashoffset={null}
              strokeLinecap={0}
              strokeLinejoin={0}
              strokeMiterlimit={4}
              strokeOpacity={1}
              strokeWidth={1}
              vectorEffect={0}
              x={0}
              y={0}
            >
              <RNSVGRect
                fill={null}
                fillOpacity={1}
                fillRule={1}
                height={39.735}
                matrix={
                  Array [
                    1,
                    0,
                    0,
                    1,
                    0,
                    0,
                  ]
                }
                opacity={1}
                originX={0}
                originY={0}
                propList={
                  Array [
                    "fill",
                  ]
                }
                rotation={0}
                rx={0}
                ry={0}
                scaleX={1}
                scaleY={1}
                skewX={0}
                skewY={0}
                stroke={null}
                strokeDasharray={null}
                strokeDashoffset={null}
                strokeLinecap={0}
                strokeLinejoin={0}
                strokeMiterlimit={4}
                strokeOpacity={1}
                strokeWidth={1}
                vectorEffect={1}
                width={489.4283400809716}
                x={0}
                y={0}
              />
              <RNSVGPath
                d="M 18, 18
      m -7.2, 0
      a 7.2, 7.2 0 1,0 14.4,0
      a 7.2, 7.2 0 1,0 -14.4,0"
                fill={
                  Array [
                    0,
                    4281508603,
                  ]
                }
                fillOpacity={1}
                fillRule={1}
                matrix={
                  Array [
                    1,
                    0,
                    0,
                    1,
                    0,
                    0,
                  ]
                }
                opacity={1}
                originX={0}
                originY={0}
                propList={
                  Array [
                    "fill",
                  ]
                }
                rotation={0}
                scaleX={1}
                scaleY={1}
                skewX={0}
                skewY={0}
                stroke={null}
                strokeDasharray={null}
                strokeDashoffset={null}
                strokeLinecap={0}
                strokeLinejoin={0}
                strokeMiterlimit={4}
                strokeOpacity={1}
                strokeWidth={1}
                vectorEffect={0}
                x={0}
                y={0}
              />
              <RNSVGPath
                d="M 144.29311740890688, 18
      m -7.2, 0
      a 7.2, 7.2 0 1,0 14.4,0
      a 7.2, 7.2 0 1,0 -14.4,0"
                fill={
                  Array [
                    0,
                    4287744502,
                  ]
                }
                fillOpacity={1}
                fillRule={1}
                matrix={
                  Array [
                    1,
                    0,
                    0,
                    1,
                    0,
                    0,
                  ]
                }
                opacity={1}
                originX={0}
                originY={0}
                propList={
                  Array [
                    "fill",
                  ]
                }
                rotation={0}
                scaleX={1}
                scaleY={1}
                skewX={0}
                skewY={0}
                stroke={null}
                strokeDasharray={null}
                strokeDashoffset={null}
                strokeLinecap={0}
                strokeLinejoin={0}
                strokeMiterlimit={4}
                strokeOpacity={1}
                strokeWidth={1}
                vectorEffect={0}
                x={0}
                y={0}
              />
              <RNSVGText
                content={null}
                dx={
                  Array [
                    0,
                  ]
                }
                dy={
                  Array [
                    6.39,
                  ]
                }
                fill={
                  Array [
                    0,
                    4278190080,
                  ]
                }
                fillOpacity={1}
                fillRule={1}
                font={Object {}}
                matrix={
                  Array [
                    1,
                    0,
                    0,
                    1,
                    0,
                    0,
                  ]
                }
                name="legend-labels-0"
                opacity={1}
                originX={0}
                originY={0}
                propList={Array []}
                rotate={Array []}
                rotation={0}
                scaleX={1}
                scaleY={1}
                skewX={0}
                skewY={0}
                stroke={null}
                strokeDasharray={null}
                strokeDashoffset={null}
                strokeLinecap={0}
                strokeLinejoin={0}
                strokeMiterlimit={4}
                strokeOpacity={1}
                strokeWidth={1}
                vectorEffect={0}
                x={
                  Array [
                    39.6,
                  ]
                }
                y={
                  Array [
                    18,
                  ]
                }
              >
                <RNSVGTSpan
                  content="isTarget  "
                  dx={
                    Array [
                      0,
                    ]
                  }
                  dy={Array []}
                  fill={
                    Array [
                      0,
                      4286019447,
                    ]
                  }
                  fillOpacity={1}
                  fillRule={1}
                  font={
                    Object {
                      "fontFamily": "Gill Sans",
                      "fontSize": 18,
                      "letterSpacing": "normal",
                      "textAnchor": "start",
                    }
                  }
                  matrix={
                    Array [
                      1,
                      0,
                      0,
                      1,
                      0,
                      0,
                    ]
                  }
                  opacity={1}
                  originX={0}
                  originY={0}
                  propList={
                    Array [
                      "fill",
                    ]
                  }
                  rotate={Array []}
                  rotation={0}
                  scaleX={1}
                  scaleY={1}
                  skewX={0}
                  skewY={0}
                  stroke={null}
                  strokeDasharray={null}
                  strokeDashoffset={null}
                  strokeLinecap={0}
                  strokeLinejoin={0}
                  strokeMiterlimit={4}
                  strokeOpacity={1}
                  strokeWidth={1}
                  vectorEffect={0}
                  x={
                    Array [
                      39.6,
                    ]
                  }
                  y={Array []}
                />
              </RNSVGText>
              <RNSVGText
                content={null}
                dx={
                  Array [
                    0,
                  ]
                }
                dy={
                  Array [
                    6.39,
                  ]
                }
                fill={
                  Array [
                    0,
                    4278190080,
                  ]
                }
                fillOpacity={1}
                fillRule={1}
                font={Object {}}
                matrix={
                  Array [
                    1,
                    0,
                    0,
                    1,
                    0,
                    0,
                  ]
                }
                name="legend-labels-1"
                opacity={1}
                originX={0}
                originY={0}
                propList={Array []}
                rotate={Array []}
                rotation={0}
                scaleX={1}
                scaleY={1}
                skewX={0}
                skewY={0}
                stroke={null}
                strokeDasharray={null}
                strokeDashoffset={null}
                strokeLinecap={0}
                strokeLinejoin={0}
                strokeMiterlimit={4}
                strokeOpacity={1}
                strokeWidth={1}
                vectorEffect={0}
                x={
                  Array [
                    165.89311740890687,
                  ]
                }
                y={
                  Array [
                    18,
                  ]
                }
              >
                <RNSVGTSpan
                  content="recentlyCalled  - DATA_NOT_AVAILABLE"
                  dx={
                    Array [
                      0,
                    ]
                  }
                  dy={Array []}
                  fill={
                    Array [
                      0,
                      4286019447,
                    ]
                  }
                  fillOpacity={1}
                  fillRule={1}
                  font={
                    Object {
                      "fontFamily": "Gill Sans",
                      "fontSize": 18,
                      "letterSpacing": "normal",
                      "textAnchor": "start",
                    }
                  }
                  matrix={
                    Array [
                      1,
                      0,
                      0,
                      1,
                      0,
                      0,
                    ]
                  }
                  opacity={1}
                  originX={0}
                  originY={0}
                  propList={
                    Array [
                      "fill",
                    ]
                  }
                  rotate={Array []}
                  rotation={0}
                  scaleX={1}
                  scaleY={1}
                  skewX={0}
                  skewY={0}
                  stroke={null}
                  strokeDasharray={null}
                  strokeDashoffset={null}
                  strokeLinecap={0}
                  strokeLinejoin={0}
                  strokeMiterlimit={4}
                  strokeOpacity={1}
                  strokeWidth={1}
                  vectorEffect={0}
                  x={
                    Array [
                      165.89311740890687,
                    ]
                  }
                  y={Array []}
                />
              </RNSVGText>
            </RNSVGGroup>
          </RNSVGSvgView>
          <View
            pointerEvents="box-none"
            style={
              Object {
                "left": 0,
                "position": "absolute",
                "top": 0,
                "zIndex": 99,
              }
            }
          >
            <RNSVGSvgView
              align="xMidYMid"
              bbHeight={130}
              bbWidth={800}
              height={130}
              meetOrSlice={0}
              minX={0}
              minY={0}
              style={
                Array [
                  Object {
                    "backgroundColor": "transparent",
                    "borderWidth": 0,
                  },
                  Object {
                    "height": "100%",
                    "overflow": "visible",
                    "width": "100%",
                  },
                  Object {
                    "opacity": 1,
                  },
                  Object {
                    "flex": 0,
                    "height": 130,
                    "width": 800,
                  },
                ]
              }
              vbHeight={130}
              vbWidth={800}
              width={800}
            >
              <RNSVGGroup
                fill={
                  Array [
                    0,
                    4278190080,
                  ]
                }
                fillOpacity={1}
                fillRule={1}
                font={Object {}}
                matrix={
                  Array [
                    1,
                    0,
                    0,
                    1,
                    0,
                    0,
                  ]
                }
                opacity={1}
                originX={0}
                originY={0}
                propList={Array []}
                rotation={0}
                scaleX={1}
                scaleY={1}
                skewX={0}
                skewY={0}
                stroke={null}
                strokeDasharray={null}
                strokeDashoffset={null}
                strokeLinecap={0}
                strokeLinejoin={0}
                strokeMiterlimit={4}
                strokeOpacity={1}
                strokeWidth={1}
                vectorEffect={0}
                x={0}
                y={0}
              />
            </RNSVGSvgView>
          </View>
        </View>
      </View>
    </View>
    <View
      style={
        Object {
          "alignItems": "center",
          "borderTopColor": "#dadada",
          "borderTopWidth": 1,
          "justifyContent": "center",
          "paddingBottom": 40,
          "paddingHorizontal": 40,
          "paddingTop": 30,
          "width": "100%",
        }
      }
    >
      <Text
        style={
          Array [
            Object {
              "color": "#000000",
              "fontFamily": "System",
              "fontWeight": "400",
              "textAlign": "left",
              "writingDirection": "ltr",
            },
            Array [
              Object {
                "color": "rgba(0, 0, 0, 0.87)",
                "fontFamily": "System",
                "fontWeight": "500",
                "textAlign": "left",
                "writingDirection": "ltr",
              },
              Array [
                Object {
                  "fontSize": 20,
                  "letterSpacing": 0.15,
                  "lineHeight": 30,
                  "marginVertical": 2,
                },
                Object {
                  "marginBottom": 40,
                },
              ],
              Array [
                Object {
                  "fontSize": 20,
                  "letterSpacing": 0.15,
                  "lineHeight": 30,
                  "marginVertical": 2,
                },
                Object {
                  "marginBottom": 40,
                },
              ],
            ],
          ]
        }
      >
        Next Best Customer Score History
      </Text>
      <View
        style={
          Object {
            "padding": 20,
          }
        }
      >
        <View
          style={
            Array [
              Object {
                "alignItems": "center",
                "justifyContent": "center",
              },
              Object {
                "paddingVertical": 10,
              },
            ]
          }
        >
          <View
            style={
              Object {
                "height": 24,
                "opacity": 1,
                "width": 24,
              }
            }
          >
            <View
              style={
                Object {
                  "alignItems": "center",
                  "bottom": 0,
                  "justifyContent": "center",
                  "left": 0,
                  "position": "absolute",
                  "right": 0,
                  "top": 0,
                }
              }
            >
              <View
                style={
                  Object {
                    "height": 24,
                    "transform": Array [
                      Object {
                        "rotate": "45deg",
                      },
                    ],
                    "width": 24,
                  }
                }
              >
                <View
                  collapsable={false}
                  style={
                    Object {
                      "height": 12,
                      "overflow": "hidden",
                      "width": 24,
                    }
                  }
                >
                  <View
                    style={
                      Object {
                        "height": 24,
                        "transform": Array [
                          Object {
                            "translateY": 0,
                          },
                          Object {
                            "rotate": "-165deg",
                          },
                        ],
                        "width": 24,
                      }
                    }
                  >
                    <View
                      collapsable={false}
                      style={
                        Object {
                          "height": 12,
                          "overflow": "hidden",
                          "width": 24,
                        }
                      }
                    >
                      <View
                        style={
                          Object {
                            "borderColor": "#0768FD",
                            "borderRadius": 12,
                            "borderWidth": 2.4,
                            "height": 24,
                            "width": 24,
                          }
                        }
                      />
                    </View>
                  </View>
                </View>
              </View>
            </View>
            <View
              style={
                Object {
                  "alignItems": "center",
                  "bottom": 0,
                  "justifyContent": "center",
                  "left": 0,
                  "position": "absolute",
                  "right": 0,
                  "top": 0,
                }
              }
            >
              <View
                style={
                  Object {
                    "height": 24,
                    "transform": Array [
                      Object {
                        "rotate": "45deg",
                      },
                    ],
                    "width": 24,
                  }
                }
              >
                <View
                  collapsable={false}
                  style={
                    Object {
                      "height": 12,
                      "overflow": "hidden",
                      "top": 12,
                      "width": 24,
                    }
                  }
                >
                  <View
                    style={
                      Object {
                        "height": 24,
                        "transform": Array [
                          Object {
                            "translateY": -12,
                          },
                          Object {
                            "rotate": "345deg",
                          },
                        ],
                        "width": 24,
                      }
                    }
                  >
                    <View
                      collapsable={false}
                      style={
                        Object {
                          "height": 12,
                          "overflow": "hidden",
                          "width": 24,
                        }
                      }
                    >
                      <View
                        style={
                          Object {
                            "borderColor": "#0768FD",
                            "borderRadius": 12,
                            "borderWidth": 2.4,
                            "height": 24,
                            "width": 24,
                          }
                        }
                      />
                    </View>
                  </View>
                </View>
              </View>
            </View>
          </View>
        </View>
      </View>
    </View>
  </View>
</RCTScrollView>
`;
