// Jest Snapshot v1, https://goo.gl/fbAQLP

exports[`AppBar should render properly 1`] = `
<View
  navigation={
    Object {
      "goBack": [MockFunction],
      "isFirstRouteInParent": [MockFunction] {
        "calls": Array [
          Array [],
        ],
        "results": Array [
          Object {
            "type": "return",
            "value": undefined,
          },
        ],
      },
    }
  }
  navigationOptions={
    Object {
      "title": "Testing",
    }
  }
  style={
    Object {
      "alignItems": "center",
      "backgroundColor": "#0768FD",
      "elevation": 4,
      "flexDirection": "row",
      "height": 56,
      "paddingHorizontal": 4,
      "shadowColor": "#000000",
      "shadowOffset": Object {
        "height": 3,
        "width": 0,
      },
      "shadowOpacity": 0.24,
      "shadowRadius": 4,
    }
  }
>
  <View
    accessibilityComponentType="button"
    accessibilityRole="button"
    accessibilityStates={Array []}
    accessibilityTraits="button"
    accessible={true}
    centered={true}
    focusable={true}
    hitSlop={
      Object {
        "bottom": 6,
        "left": 6,
        "right": 6,
        "top": 6,
      }
    }
    onClick={[Function]}
    onLayout={[Function]}
    onResponderGrant={[Function]}
    onResponderMove={[Function]}
    onResponderRelease={[Function]}
    onResponderTerminate={[Function]}
    onResponderTerminationRequest={[Function]}
    onStartShouldSetResponder={[Function]}
    pointerEvents="box-only"
  >
    <View
      style={
        Array [
          Object {
            "overflow": "hidden",
          },
          Array [
            Object {
              "alignItems": "center",
              "justifyContent": "center",
              "margin": 6,
              "overflow": "hidden",
            },
            Object {
              "borderRadius": 18,
              "height": 36,
              "width": 36,
            },
            undefined,
            undefined,
          ],
        ]
      }
    >
      <View>
        <View
          style={
            Array [
              Object {
                "alignItems": "center",
                "justifyContent": "center",
              },
              Object {
                "height": 24,
                "width": 24,
              },
            ]
          }
        >
          <View
            style={
              Object {
                "bottom": 0,
                "left": 0,
                "opacity": 1,
                "position": "absolute",
                "right": 0,
                "top": 0,
                "transform": Array [
                  Object {
                    "rotate": "0deg",
                  },
                ],
              }
            }
          >
            <Text
              accessibilityElementsHidden={true}
              allowFontScaling={false}
              importantForAccessibility="no-hide-descendants"
              pointerEvents="none"
              style={
                Array [
                  Object {
                    "color": "#ffffff",
                    "fontSize": 24,
                  },
                  Array [
                    Object {
                      "transform": Array [
                        Object {
                          "scaleX": 1,
                        },
                      ],
                    },
                    Object {
                      "backgroundColor": "transparent",
                    },
                  ],
                  Object {
                    "fontFamily": "Material Design Icons",
                    "fontStyle": "normal",
                    "fontWeight": "normal",
                  },
                  Object {},
                ]
              }
            >
              
            </Text>
          </View>
        </View>
      </View>
    </View>
    <View
      style={
        Array [
          Object {
            "backgroundColor": "transparent",
            "bottom": 0,
            "left": 0,
            "overflow": "hidden",
            "position": "absolute",
            "right": 0,
            "top": 0,
          },
          Object {
            "borderRadius": 0,
          },
        ]
      }
    />
  </View>
  <View
    accessible={true}
    focusable={false}
    onClick={[Function]}
    onResponderGrant={[Function]}
    onResponderMove={[Function]}
    onResponderRelease={[Function]}
    onResponderTerminate={[Function]}
    onResponderTerminationRequest={[Function]}
    onStartShouldSetResponder={[Function]}
    style={
      Array [
        Object {
          "flex": 1,
          "paddingHorizontal": 12,
        },
        Array [
          Object {
            "marginLeft": 8,
          },
          Object {
            "alignItems": "center",
          },
          undefined,
        ],
      ]
    }
  >
    <Text
      accessibilityRole="header"
      accessibilityTraits="header"
      numberOfLines={1}
      style={
        Array [
          Object {
            "color": "#000000",
            "fontFamily": "System",
            "fontWeight": "400",
            "textAlign": "left",
            "writingDirection": "ltr",
          },
          Array [
            Object {
              "color": "#ffffff",
              "fontFamily": "System",
              "fontWeight": "400",
            },
            Object {
              "fontSize": 17,
            },
            undefined,
          ],
        ]
      }
    >
      Testing
    </Text>
  </View>
  <View
    style={
      Object {
        "width": 48,
      }
    }
  />
</View>
`;

exports[`AppBar should render properly iPad version 1`] = `
<View
  navigation={
    Object {
      "goBack": [MockFunction],
      "isFirstRouteInParent": [MockFunction] {
        "calls": Array [
          Array [],
        ],
        "results": Array [
          Object {
            "type": "return",
            "value": undefined,
          },
        ],
      },
    }
  }
  navigationOptions={
    Object {
      "title": "Testing",
    }
  }
  style={
    Object {
      "alignItems": "center",
      "backgroundColor": "#0768FD",
      "elevation": 4,
      "flexDirection": "row",
      "height": 56,
      "paddingHorizontal": 4,
      "shadowColor": "#000000",
      "shadowOffset": Object {
        "height": 3,
        "width": 0,
      },
      "shadowOpacity": 0.24,
      "shadowRadius": 4,
    }
  }
>
  <View
    accessibilityComponentType="button"
    accessibilityRole="button"
    accessibilityStates={Array []}
    accessibilityTraits="button"
    accessible={true}
    centered={true}
    focusable={true}
    hitSlop={
      Object {
        "bottom": 6,
        "left": 6,
        "right": 6,
        "top": 6,
      }
    }
    onClick={[Function]}
    onLayout={[Function]}
    onResponderGrant={[Function]}
    onResponderMove={[Function]}
    onResponderRelease={[Function]}
    onResponderTerminate={[Function]}
    onResponderTerminationRequest={[Function]}
    onStartShouldSetResponder={[Function]}
    pointerEvents="box-only"
  >
    <View
      style={
        Array [
          Object {
            "overflow": "hidden",
          },
          Array [
            Object {
              "alignItems": "center",
              "justifyContent": "center",
              "margin": 6,
              "overflow": "hidden",
            },
            Object {
              "borderRadius": 18,
              "height": 36,
              "width": 36,
            },
            undefined,
            undefined,
          ],
        ]
      }
    >
      <View>
        <View
          style={
            Array [
              Object {
                "alignItems": "center",
                "justifyContent": "center",
              },
              Object {
                "height": 24,
                "width": 24,
              },
            ]
          }
        >
          <View
            style={
              Object {
                "bottom": 0,
                "left": 0,
                "opacity": 1,
                "position": "absolute",
                "right": 0,
                "top": 0,
                "transform": Array [
                  Object {
                    "rotate": "0deg",
                  },
                ],
              }
            }
          >
            <Text
              accessibilityElementsHidden={true}
              allowFontScaling={false}
              importantForAccessibility="no-hide-descendants"
              pointerEvents="none"
              style={
                Array [
                  Object {
                    "color": "#ffffff",
                    "fontSize": 24,
                  },
                  Array [
                    Object {
                      "transform": Array [
                        Object {
                          "scaleX": 1,
                        },
                      ],
                    },
                    Object {
                      "backgroundColor": "transparent",
                    },
                  ],
                  Object {
                    "fontFamily": "Material Design Icons",
                    "fontStyle": "normal",
                    "fontWeight": "normal",
                  },
                  Object {},
                ]
              }
            >
              
            </Text>
          </View>
        </View>
      </View>
    </View>
    <View
      style={
        Array [
          Object {
            "backgroundColor": "transparent",
            "bottom": 0,
            "left": 0,
            "overflow": "hidden",
            "position": "absolute",
            "right": 0,
            "top": 0,
          },
          Object {
            "borderRadius": 0,
          },
        ]
      }
    />
  </View>
  <View
    accessible={true}
    focusable={false}
    onClick={[Function]}
    onResponderGrant={[Function]}
    onResponderMove={[Function]}
    onResponderRelease={[Function]}
    onResponderTerminate={[Function]}
    onResponderTerminationRequest={[Function]}
    onStartShouldSetResponder={[Function]}
    style={
      Array [
        Object {
          "flex": 1,
          "paddingHorizontal": 12,
        },
        Array [
          Object {
            "marginLeft": 8,
          },
          Object {
            "alignItems": "center",
          },
          undefined,
        ],
      ]
    }
  >
    <Text
      accessibilityRole="header"
      accessibilityTraits="header"
      numberOfLines={1}
      style={
        Array [
          Object {
            "color": "#000000",
            "fontFamily": "System",
            "fontWeight": "400",
            "textAlign": "left",
            "writingDirection": "ltr",
          },
          Array [
            Object {
              "color": "#ffffff",
              "fontFamily": "System",
              "fontWeight": "400",
            },
            Object {
              "fontSize": 17,
            },
            undefined,
          ],
        ]
      }
    >
      Testing
    </Text>
  </View>
  <View
    style={
      Object {
        "width": 48,
      }
    }
  />
</View>
`;
