// Jest Snapshot v1, https://goo.gl/fbAQLP

exports[`TimeLineItem Should render TimeLineItem component 1`] = `
<View
  style={
    Object {
      "flexDirection": "row",
      "justifyContent": "space-between",
      "marginBottom": 1,
    }
  }
>
  <View
    style={
      Object {
        "flexDirection": "row",
      }
    }
  >
    <View
      style={
        Object {
          "alignItems": "center",
          "marginRight": 12,
          "width": 24,
        }
      }
    >
      <View
        style={
          Object {
            "alignContent": "center",
            "alignItems": "center",
            "backgroundColor": "#47cfd2",
            "borderRadius": 4,
            "height": 24,
            "marginBottom": 2,
            "padding": 3,
            "width": 24,
          }
        }
      >
        <Text
          allowFontScaling={false}
          style={
            Array [
              Object {
                "color": "white",
                "fontSize": 17,
              },
              undefined,
              Object {
                "fontFamily": "Material Design Icons",
                "fontStyle": "normal",
                "fontWeight": "normal",
              },
              Object {},
            ]
          }
        >
          
        </Text>
      </View>
      <View
        style={
          Object {
            "backgroundColor": "#47cfd2",
            "flex": 1,
            "width": 2,
          }
        }
      />
    </View>
    <View
      style={
        Object {
          "paddingBottom": 24,
        }
      }
    >
      <View
        style={
          Object {
            "flexDirection": "row",
            "marginBottom": 3,
          }
        }
      >
        <Text
          style={
            Object {
              "color": "#0070d2",
              "fontSize": 13,
            }
          }
        >
          Adjustment
        </Text>
      </View>
      <View>
        <View
          style={
            Object {
              "marginBottom": 3,
            }
          }
        >
          <Text
            style={
              Object {
                "color": "#080707",
                "fontSize": 12,
              }
            }
          >
            2
             Products in Adjustment
          </Text>
        </View>
        <View
          style={
            Object {
              "flexDirection": "row",
            }
          }
        >
          <Text
            style={
              Object {
                "color": "#3e3e3c",
                "fontSize": 12,
              }
            }
          >
            Rep: 
          </Text>
          <Text
            style={
              Object {
                "color": "#080707",
                "fontSize": 12,
              }
            }
          >
            Oce Admin plat
          </Text>
        </View>
      </View>
    </View>
  </View>
  <View
    style={
      Object {
        "alignItems": "flex-end",
      }
    }
  >
    <Text
      style={
        Object {
          "color": "#3e3e3c",
          "fontSize": 12,
          "marginBottom": 5,
        }
      }
    >
      2 months ago
    </Text>
    <View
      style={
        Object {
          "flexDirection": "row",
        }
      }
    >
      <View
        style={
          Array [
            Object {
              "alignSelf": "flex-start",
              "borderRadius": 10,
              "flexDirection": "row",
              "paddingHorizontal": 6,
              "paddingVertical": 2,
            },
            undefined,
            Object {
              "backgroundColor": "#04844b",
              "marginRight": 5,
            },
          ]
        }
      >
        <Text
          style={
            Array [
              Object {
                "color": "white",
                "fontSize": 12,
                "fontWeight": "700",
              },
              Object {
                "color": "white",
              },
            ]
          }
        >
          Submitted
        </Text>
      </View>
      <Text
        allowFontScaling={false}
        style={
          Array [
            Object {
              "color": "#595959",
              "fontSize": 17,
            },
            undefined,
            Object {
              "fontFamily": "Material Design Icons",
              "fontStyle": "normal",
              "fontWeight": "normal",
            },
            Object {},
          ]
        }
      >
        
      </Text>
    </View>
  </View>
</View>
`;

exports[`TimeLineItem Should render TimeLineItem component 2`] = `
<View
  style={
    Object {
      "flexDirection": "row",
      "justifyContent": "space-between",
      "marginBottom": 1,
    }
  }
>
  <View
    style={
      Object {
        "flexDirection": "row",
      }
    }
  >
    <View
      style={
        Object {
          "alignItems": "center",
          "marginRight": 12,
          "width": 24,
        }
      }
    >
      <View
        style={
          Object {
            "alignContent": "center",
            "alignItems": "center",
            "backgroundColor": "",
            "borderRadius": 4,
            "height": 24,
            "marginBottom": 2,
            "padding": 3,
            "width": 24,
          }
        }
      >
        <Text
          allowFontScaling={false}
          style={
            Array [
              Object {
                "color": "white",
                "fontSize": 17,
              },
              undefined,
              Object {
                "fontFamily": "Material Design Icons",
                "fontStyle": "normal",
                "fontWeight": "normal",
              },
              Object {},
            ]
          }
        >
          
        </Text>
      </View>
      <View
        style={
          Object {
            "backgroundColor": "",
            "flex": 1,
            "width": 2,
          }
        }
      />
    </View>
    <View
      style={
        Object {
          "paddingBottom": 24,
        }
      }
    >
      <View
        style={
          Object {
            "flexDirection": "row",
            "marginBottom": 3,
          }
        }
      >
        <Text
          style={
            Object {
              "color": "#0070d2",
              "fontSize": 13,
            }
          }
        >
          Disbursement
        </Text>
      </View>
      <View>
        <View
          style={
            Object {
              "marginBottom": 3,
            }
          }
        >
          <Text
            style={
              Object {
                "color": "#080707",
                "fontSize": 12,
              }
            }
          >
            2
             Samples Dropped
          </Text>
        </View>
        <View
          style={
            Object {
              "flexDirection": "row",
            }
          }
        >
          <Text
            style={
              Object {
                "color": "#3e3e3c",
                "fontSize": 12,
              }
            }
          >
            Global_Account: 
          </Text>
          <Text
            style={
              Object {
                "color": "#080707",
                "fontSize": 12,
              }
            }
          />
        </View>
      </View>
    </View>
  </View>
  <View
    style={
      Object {
        "alignItems": "flex-end",
      }
    }
  >
    <Text
      style={
        Object {
          "color": "#3e3e3c",
          "fontSize": 12,
          "marginBottom": 5,
        }
      }
    >
      2 months ago
    </Text>
    <View
      style={
        Object {
          "flexDirection": "row",
        }
      }
    >
      <View
        style={
          Array [
            Object {
              "alignSelf": "flex-start",
              "borderRadius": 10,
              "flexDirection": "row",
              "paddingHorizontal": 6,
              "paddingVertical": 2,
            },
            undefined,
            Object {
              "backgroundColor": "#04844b",
              "marginRight": 5,
            },
          ]
        }
      >
        <Text
          style={
            Array [
              Object {
                "color": "white",
                "fontSize": 12,
                "fontWeight": "700",
              },
              Object {
                "color": "white",
              },
            ]
          }
        >
          Submitted
        </Text>
      </View>
      <Text
        allowFontScaling={false}
        style={
          Array [
            Object {
              "color": "#595959",
              "fontSize": 17,
            },
            undefined,
            Object {
              "fontFamily": "Material Design Icons",
              "fontStyle": "normal",
              "fontWeight": "normal",
            },
            Object {},
          ]
        }
      >
        
      </Text>
    </View>
  </View>
</View>
`;

exports[`TimeLineItem Should render TimeLineItem component 3`] = `
<View
  style={
    Object {
      "flexDirection": "row",
      "justifyContent": "space-between",
      "marginBottom": 1,
    }
  }
>
  <View
    style={
      Object {
        "flexDirection": "row",
      }
    }
  >
    <View
      style={
        Object {
          "alignItems": "center",
          "marginRight": 12,
          "width": 24,
        }
      }
    >
      <View
        style={
          Object {
            "alignContent": "center",
            "alignItems": "center",
            "backgroundColor": "#69cd37",
            "borderRadius": 4,
            "height": 24,
            "marginBottom": 2,
            "padding": 3,
            "width": 24,
          }
        }
      >
        <Text
          allowFontScaling={false}
          style={
            Array [
              Object {
                "color": "white",
                "fontSize": 17,
              },
              undefined,
              Object {
                "fontFamily": "Material Design Icons",
                "fontStyle": "normal",
                "fontWeight": "normal",
              },
              Object {},
            ]
          }
        >
          
        </Text>
      </View>
      <View
        style={
          Object {
            "backgroundColor": "#69cd37",
            "flex": 1,
            "width": 2,
          }
        }
      />
    </View>
    <View
      style={
        Object {
          "paddingBottom": 24,
        }
      }
    >
      <View
        style={
          Object {
            "flexDirection": "row",
            "marginBottom": 3,
          }
        }
      >
        <Text
          style={
            Object {
              "color": "#0070d2",
              "fontSize": 13,
            }
          }
        >
          Order
        </Text>
      </View>
      <View>
        <View
          style={
            Object {
              "marginBottom": 3,
            }
          }
        >
          <Text
            style={
              Object {
                "color": "#080707",
                "fontSize": 12,
              }
            }
          >
            2
             Products ordered
          </Text>
        </View>
      </View>
    </View>
  </View>
  <View
    style={
      Object {
        "alignItems": "flex-end",
      }
    }
  >
    <Text
      style={
        Object {
          "color": "#3e3e3c",
          "fontSize": 12,
          "marginBottom": 5,
        }
      }
    >
      2 months ago
    </Text>
    <View
      style={
        Object {
          "flexDirection": "row",
        }
      }
    >
      <View
        style={
          Array [
            Object {
              "alignSelf": "flex-start",
              "borderRadius": 10,
              "flexDirection": "row",
              "paddingHorizontal": 6,
              "paddingVertical": 2,
            },
            undefined,
            Object {
              "backgroundColor": "#04844b",
              "marginRight": 5,
            },
          ]
        }
      >
        <Text
          style={
            Array [
              Object {
                "color": "white",
                "fontSize": 12,
                "fontWeight": "700",
              },
              Object {
                "color": "white",
              },
            ]
          }
        >
          Submitted
        </Text>
      </View>
      <Text
        allowFontScaling={false}
        style={
          Array [
            Object {
              "color": "#595959",
              "fontSize": 17,
            },
            undefined,
            Object {
              "fontFamily": "Material Design Icons",
              "fontStyle": "normal",
              "fontWeight": "normal",
            },
            Object {},
          ]
        }
      >
        
      </Text>
    </View>
  </View>
</View>
`;

exports[`TimeLineItem Should render TimeLineItem component 4`] = `
<View
  style={
    Object {
      "flexDirection": "row",
      "justifyContent": "space-between",
      "marginBottom": 1,
    }
  }
>
  <View
    style={
      Object {
        "flexDirection": "row",
      }
    }
  >
    <View
      style={
        Object {
          "alignItems": "center",
          "marginRight": 12,
          "width": 24,
        }
      }
    >
      <View
        style={
          Object {
            "alignContent": "center",
            "alignItems": "center",
            "backgroundColor": "#f88962",
            "borderRadius": 4,
            "height": 24,
            "marginBottom": 2,
            "padding": 3,
            "width": 24,
          }
        }
      >
        <Text
          allowFontScaling={false}
          style={
            Array [
              Object {
                "color": "white",
                "fontSize": 17,
              },
              undefined,
              Object {
                "fontFamily": "Material Design Icons",
                "fontStyle": "normal",
                "fontWeight": "normal",
              },
              Object {},
            ]
          }
        >
          
        </Text>
      </View>
      <View
        style={
          Object {
            "backgroundColor": "#f88962",
            "flex": 1,
            "width": 2,
          }
        }
      />
    </View>
    <View
      style={
        Object {
          "paddingBottom": 24,
        }
      }
    >
      <View
        style={
          Object {
            "flexDirection": "row",
            "marginBottom": 3,
          }
        }
      >
        <Text
          style={
            Object {
              "color": "#0070d2",
              "fontSize": 13,
            }
          }
        >
          TransferIn
        </Text>
        <View
          style={
            Object {
              "flexDirection": "row",
            }
          }
        >
          <Text
            allowFontScaling={false}
            style={
              Array [
                Object {
                  "color": "black",
                  "fontSize": 14,
                },
                Object {
                  "marginHorizontal": 12,
                },
                Object {
                  "fontFamily": "Material Design Icons",
                  "fontStyle": "normal",
                  "fontWeight": "normal",
                },
                Object {},
              ]
            }
          >
            
          </Text>
          <Text
            style={
              Object {
                "color": "#0070d2",
                "fontSize": 13,
              }
            }
          />
        </View>
      </View>
      <View>
        <View
          style={
            Object {
              "marginBottom": 3,
            }
          }
        >
          <Text
            style={
              Object {
                "color": "#080707",
                "fontSize": 12,
              }
            }
          >
            Received 
            2
             Products
          </Text>
        </View>
        <View
          style={
            Object {
              "flexDirection": "row",
            }
          }
        >
          <Text
            style={
              Object {
                "color": "#3e3e3c",
                "fontSize": 12,
              }
            }
          >
            Condition: 
          </Text>
          <Text
            style={
              Object {
                "color": "#080707",
                "fontSize": 12,
              }
            }
          >
            Undamaged
          </Text>
        </View>
      </View>
    </View>
  </View>
  <View
    style={
      Object {
        "alignItems": "flex-end",
      }
    }
  >
    <Text
      style={
        Object {
          "color": "#3e3e3c",
          "fontSize": 12,
          "marginBottom": 5,
        }
      }
    >
      2 months ago
    </Text>
    <View
      style={
        Object {
          "flexDirection": "row",
        }
      }
    >
      <View
        style={
          Array [
            Object {
              "alignSelf": "flex-start",
              "borderRadius": 10,
              "flexDirection": "row",
              "paddingHorizontal": 6,
              "paddingVertical": 2,
            },
            undefined,
            Object {
              "backgroundColor": "#04844b",
              "marginRight": 5,
            },
          ]
        }
      >
        <Text
          style={
            Array [
              Object {
                "color": "white",
                "fontSize": 12,
                "fontWeight": "700",
              },
              Object {
                "color": "white",
              },
            ]
          }
        >
          Submitted
        </Text>
      </View>
      <Text
        allowFontScaling={false}
        style={
          Array [
            Object {
              "color": "#595959",
              "fontSize": 17,
            },
            undefined,
            Object {
              "fontFamily": "Material Design Icons",
              "fontStyle": "normal",
              "fontWeight": "normal",
            },
            Object {},
          ]
        }
      >
        
      </Text>
    </View>
  </View>
</View>
`;

exports[`TimeLineItem Should render TimeLineItem component 5`] = `
<View
  style={
    Object {
      "flexDirection": "row",
      "justifyContent": "space-between",
      "marginBottom": 1,
    }
  }
>
  <View
    style={
      Object {
        "flexDirection": "row",
      }
    }
  >
    <View
      style={
        Object {
          "alignItems": "center",
          "marginRight": 12,
          "width": 24,
        }
      }
    >
      <View
        style={
          Object {
            "alignContent": "center",
            "alignItems": "center",
            "backgroundColor": "#f88962",
            "borderRadius": 4,
            "height": 24,
            "marginBottom": 2,
            "padding": 3,
            "width": 24,
          }
        }
      >
        <Text
          allowFontScaling={false}
          style={
            Array [
              Object {
                "color": "white",
                "fontSize": 17,
              },
              undefined,
              Object {
                "fontFamily": "Material Design Icons",
                "fontStyle": "normal",
                "fontWeight": "normal",
              },
              Object {},
            ]
          }
        >
          
        </Text>
      </View>
      <View
        style={
          Object {
            "backgroundColor": "#f88962",
            "flex": 1,
            "width": 2,
          }
        }
      />
    </View>
    <View
      style={
        Object {
          "paddingBottom": 24,
        }
      }
    >
      <View
        style={
          Object {
            "flexDirection": "row",
            "marginBottom": 3,
          }
        }
      >
        <Text
          style={
            Object {
              "color": "#0070d2",
              "fontSize": 13,
            }
          }
        >
          TransferOut
        </Text>
        <View
          style={
            Object {
              "flexDirection": "row",
            }
          }
        >
          <Text
            allowFontScaling={false}
            style={
              Array [
                Object {
                  "color": "black",
                  "fontSize": 14,
                },
                Object {
                  "marginHorizontal": 12,
                },
                Object {
                  "fontFamily": "Material Design Icons",
                  "fontStyle": "normal",
                  "fontWeight": "normal",
                },
                Object {},
              ]
            }
          >
            
          </Text>
          <Text
            style={
              Object {
                "color": "#0070d2",
                "fontSize": 13,
              }
            }
          />
        </View>
      </View>
      <View>
        <View
          style={
            Object {
              "marginBottom": 3,
            }
          }
        >
          <Text
            style={
              Object {
                "color": "#080707",
                "fontSize": 12,
              }
            }
          >
            Shipped 
            2
             Products
          </Text>
        </View>
        <View
          style={
            Object {
              "flexDirection": "row",
            }
          }
        >
          <Text
            style={
              Object {
                "color": "#3e3e3c",
                "fontSize": 12,
              }
            }
          >
            Shipment: 
          </Text>
          <Text
            style={
              Object {
                "color": "#080707",
                "fontSize": 12,
              }
            }
          >
            May 3, 2020 06:19 pm
          </Text>
        </View>
      </View>
    </View>
  </View>
  <View
    style={
      Object {
        "alignItems": "flex-end",
      }
    }
  >
    <Text
      style={
        Object {
          "color": "#3e3e3c",
          "fontSize": 12,
          "marginBottom": 5,
        }
      }
    >
      2 months ago
    </Text>
    <View
      style={
        Object {
          "flexDirection": "row",
        }
      }
    >
      <View
        style={
          Array [
            Object {
              "alignSelf": "flex-start",
              "borderRadius": 10,
              "flexDirection": "row",
              "paddingHorizontal": 6,
              "paddingVertical": 2,
            },
            undefined,
            Object {
              "backgroundColor": "#04844b",
              "marginRight": 5,
            },
          ]
        }
      >
        <Text
          style={
            Array [
              Object {
                "color": "white",
                "fontSize": 12,
                "fontWeight": "700",
              },
              Object {
                "color": "white",
              },
            ]
          }
        >
          Submitted
        </Text>
      </View>
      <Text
        allowFontScaling={false}
        style={
          Array [
            Object {
              "color": "#595959",
              "fontSize": 17,
            },
            undefined,
            Object {
              "fontFamily": "Material Design Icons",
              "fontStyle": "normal",
              "fontWeight": "normal",
            },
            Object {},
          ]
        }
      >
        
      </Text>
    </View>
  </View>
</View>
`;

exports[`TimeLineItem Should render TimeLineItem component 6`] = `
<View
  style={
    Object {
      "flexDirection": "row",
      "justifyContent": "space-between",
      "marginBottom": 1,
    }
  }
>
  <View
    style={
      Object {
        "flexDirection": "row",
      }
    }
  >
    <View
      style={
        Object {
          "alignItems": "center",
          "marginRight": 12,
          "width": 24,
        }
      }
    >
      <View
        style={
          Object {
            "alignContent": "center",
            "alignItems": "center",
            "backgroundColor": "#b781d3",
            "borderRadius": 4,
            "height": 24,
            "marginBottom": 2,
            "padding": 3,
            "width": 24,
          }
        }
      >
        <Text
          allowFontScaling={false}
          style={
            Array [
              Object {
                "color": "white",
                "fontSize": 17,
              },
              undefined,
              Object {
                "fontFamily": "Material Design Icons",
                "fontStyle": "normal",
                "fontWeight": "normal",
              },
              Object {},
            ]
          }
        >
          
        </Text>
      </View>
      <View
        style={
          Object {
            "backgroundColor": "#b781d3",
            "flex": 1,
            "width": 2,
          }
        }
      />
    </View>
    <View
      style={
        Object {
          "paddingBottom": 24,
        }
      }
    >
      <View
        style={
          Object {
            "flexDirection": "row",
            "marginBottom": 3,
          }
        }
      >
        <Text
          style={
            Object {
              "color": "#0070d2",
              "fontSize": 13,
            }
          }
        >
          Return
        </Text>
      </View>
      <View>
        <View
          style={
            Object {
              "marginBottom": 3,
            }
          }
        >
          <Text
            style={
              Object {
                "color": "#080707",
                "fontSize": 12,
              }
            }
          >
            2
             Products in Return
          </Text>
        </View>
        <View
          style={
            Object {
              "flexDirection": "row",
            }
          }
        >
          <Text
            style={
              Object {
                "color": "#3e3e3c",
                "fontSize": 12,
              }
            }
          >
            Return: 
          </Text>
          <Text
            style={
              Object {
                "color": "#080707",
                "fontSize": 12,
              }
            }
          />
        </View>
      </View>
    </View>
  </View>
  <View
    style={
      Object {
        "alignItems": "flex-end",
      }
    }
  >
    <Text
      style={
        Object {
          "color": "#3e3e3c",
          "fontSize": 12,
          "marginBottom": 5,
        }
      }
    >
      2 months ago
    </Text>
    <View
      style={
        Object {
          "flexDirection": "row",
        }
      }
    >
      <View
        style={
          Array [
            Object {
              "alignSelf": "flex-start",
              "borderRadius": 10,
              "flexDirection": "row",
              "paddingHorizontal": 6,
              "paddingVertical": 2,
            },
            undefined,
            Object {
              "backgroundColor": "#04844b",
              "marginRight": 5,
            },
          ]
        }
      >
        <Text
          style={
            Array [
              Object {
                "color": "white",
                "fontSize": 12,
                "fontWeight": "700",
              },
              Object {
                "color": "white",
              },
            ]
          }
        >
          Submitted
        </Text>
      </View>
      <Text
        allowFontScaling={false}
        style={
          Array [
            Object {
              "color": "#595959",
              "fontSize": 17,
            },
            undefined,
            Object {
              "fontFamily": "Material Design Icons",
              "fontStyle": "normal",
              "fontWeight": "normal",
            },
            Object {},
          ]
        }
      >
        
      </Text>
    </View>
  </View>
</View>
`;

exports[`TimeLineItem Should render TimeLineItem component 7`] = `
<View
  style={
    Object {
      "flexDirection": "row",
      "justifyContent": "space-between",
      "marginBottom": 1,
    }
  }
>
  <View
    style={
      Object {
        "flexDirection": "row",
      }
    }
  >
    <View
      style={
        Object {
          "alignItems": "center",
          "marginRight": 12,
          "width": 24,
        }
      }
    >
      <View
        style={
          Object {
            "alignContent": "center",
            "alignItems": "center",
            "backgroundColor": "#47cfd2",
            "borderRadius": 4,
            "height": 24,
            "marginBottom": 2,
            "padding": 3,
            "width": 24,
          }
        }
      >
        <Text
          allowFontScaling={false}
          style={
            Array [
              Object {
                "color": "white",
                "fontSize": 17,
              },
              undefined,
              Object {
                "fontFamily": "Material Design Icons",
                "fontStyle": "normal",
                "fontWeight": "normal",
              },
              Object {},
            ]
          }
        >
          
        </Text>
      </View>
      <View
        style={
          Object {
            "backgroundColor": "#47cfd2",
            "flex": 1,
            "width": 2,
          }
        }
      />
    </View>
    <View
      style={
        Object {
          "paddingBottom": 24,
        }
      }
    >
      <View
        style={
          Object {
            "flexDirection": "row",
            "marginBottom": 3,
          }
        }
      >
        <Text
          style={
            Object {
              "color": "#0070d2",
              "fontSize": 13,
            }
          }
        >
          Adjustment
        </Text>
      </View>
      <View>
        <View
          style={
            Object {
              "flexDirection": "row",
            }
          }
        >
          <Text
            style={
              Object {
                "color": "#3e3e3c",
                "fontSize": 12,
              }
            }
          >
            Rep: 
          </Text>
          <Text
            style={
              Object {
                "color": "#080707",
                "fontSize": 12,
              }
            }
          >
            Oce Admin plat
          </Text>
        </View>
      </View>
    </View>
  </View>
  <View
    style={
      Object {
        "alignItems": "flex-end",
      }
    }
  >
    <Text
      style={
        Object {
          "color": "#3e3e3c",
          "fontSize": 12,
          "marginBottom": 5,
        }
      }
    >
      2 months ago
    </Text>
    <View
      style={
        Object {
          "flexDirection": "row",
        }
      }
    >
      <View
        style={
          Array [
            Object {
              "alignSelf": "flex-start",
              "borderRadius": 10,
              "flexDirection": "row",
              "paddingHorizontal": 6,
              "paddingVertical": 2,
            },
            undefined,
            Object {
              "backgroundColor": "#04844b",
              "marginRight": 5,
            },
          ]
        }
      >
        <Text
          style={
            Array [
              Object {
                "color": "white",
                "fontSize": 12,
                "fontWeight": "700",
              },
              Object {
                "color": "white",
              },
            ]
          }
        >
          Submitted
        </Text>
      </View>
      <Text
        allowFontScaling={false}
        style={
          Array [
            Object {
              "color": "#595959",
              "fontSize": 17,
            },
            undefined,
            Object {
              "fontFamily": "Material Design Icons",
              "fontStyle": "normal",
              "fontWeight": "normal",
            },
            Object {},
          ]
        }
      >
        
      </Text>
    </View>
  </View>
</View>
`;

exports[`TimeLineItem Should render TimeLineItem component 8`] = `
<View
  style={
    Object {
      "flexDirection": "row",
      "justifyContent": "space-between",
      "marginBottom": 1,
    }
  }
>
  <View
    style={
      Object {
        "flexDirection": "row",
      }
    }
  >
    <View
      style={
        Object {
          "alignItems": "center",
          "marginRight": 12,
          "width": 24,
        }
      }
    >
      <View
        style={
          Object {
            "alignContent": "center",
            "alignItems": "center",
            "backgroundColor": "",
            "borderRadius": 4,
            "height": 24,
            "marginBottom": 2,
            "padding": 3,
            "width": 24,
          }
        }
      >
        <Text
          allowFontScaling={false}
          style={
            Array [
              Object {
                "color": "white",
                "fontSize": 17,
              },
              undefined,
              Object {
                "fontFamily": "Material Design Icons",
                "fontStyle": "normal",
                "fontWeight": "normal",
              },
              Object {},
            ]
          }
        >
          
        </Text>
      </View>
      <View
        style={
          Object {
            "backgroundColor": "",
            "flex": 1,
            "width": 2,
          }
        }
      />
    </View>
    <View
      style={
        Object {
          "paddingBottom": 24,
        }
      }
    >
      <View
        style={
          Object {
            "flexDirection": "row",
            "marginBottom": 3,
          }
        }
      >
        <Text
          style={
            Object {
              "color": "#0070d2",
              "fontSize": 13,
            }
          }
        >
          Disbursement
        </Text>
      </View>
      <View>
        <View
          style={
            Object {
              "flexDirection": "row",
            }
          }
        >
          <Text
            style={
              Object {
                "color": "#3e3e3c",
                "fontSize": 12,
              }
            }
          >
            Global_Account: 
          </Text>
          <Text
            style={
              Object {
                "color": "#080707",
                "fontSize": 12,
              }
            }
          />
        </View>
      </View>
    </View>
  </View>
  <View
    style={
      Object {
        "alignItems": "flex-end",
      }
    }
  >
    <Text
      style={
        Object {
          "color": "#3e3e3c",
          "fontSize": 12,
          "marginBottom": 5,
        }
      }
    >
      2 months ago
    </Text>
    <View
      style={
        Object {
          "flexDirection": "row",
        }
      }
    >
      <View
        style={
          Array [
            Object {
              "alignSelf": "flex-start",
              "borderRadius": 10,
              "flexDirection": "row",
              "paddingHorizontal": 6,
              "paddingVertical": 2,
            },
            undefined,
            Object {
              "backgroundColor": "#04844b",
              "marginRight": 5,
            },
          ]
        }
      >
        <Text
          style={
            Array [
              Object {
                "color": "white",
                "fontSize": 12,
                "fontWeight": "700",
              },
              Object {
                "color": "white",
              },
            ]
          }
        >
          Submitted
        </Text>
      </View>
      <Text
        allowFontScaling={false}
        style={
          Array [
            Object {
              "color": "#595959",
              "fontSize": 17,
            },
            undefined,
            Object {
              "fontFamily": "Material Design Icons",
              "fontStyle": "normal",
              "fontWeight": "normal",
            },
            Object {},
          ]
        }
      >
        
      </Text>
    </View>
  </View>
</View>
`;

exports[`TimeLineItem Should render TimeLineItem component 9`] = `
<View
  style={
    Object {
      "flexDirection": "row",
      "justifyContent": "space-between",
      "marginBottom": 1,
    }
  }
>
  <View
    style={
      Object {
        "flexDirection": "row",
      }
    }
  >
    <View
      style={
        Object {
          "alignItems": "center",
          "marginRight": 12,
          "width": 24,
        }
      }
    >
      <View
        style={
          Object {
            "alignContent": "center",
            "alignItems": "center",
            "backgroundColor": "#69cd37",
            "borderRadius": 4,
            "height": 24,
            "marginBottom": 2,
            "padding": 3,
            "width": 24,
          }
        }
      >
        <Text
          allowFontScaling={false}
          style={
            Array [
              Object {
                "color": "white",
                "fontSize": 17,
              },
              undefined,
              Object {
                "fontFamily": "Material Design Icons",
                "fontStyle": "normal",
                "fontWeight": "normal",
              },
              Object {},
            ]
          }
        >
          
        </Text>
      </View>
      <View
        style={
          Object {
            "backgroundColor": "#69cd37",
            "flex": 1,
            "width": 2,
          }
        }
      />
    </View>
    <View
      style={
        Object {
          "paddingBottom": 24,
        }
      }
    >
      <View
        style={
          Object {
            "flexDirection": "row",
            "marginBottom": 3,
          }
        }
      >
        <Text
          style={
            Object {
              "color": "#0070d2",
              "fontSize": 13,
            }
          }
        >
          Order
        </Text>
      </View>
      <View />
    </View>
  </View>
  <View
    style={
      Object {
        "alignItems": "flex-end",
      }
    }
  >
    <Text
      style={
        Object {
          "color": "#3e3e3c",
          "fontSize": 12,
          "marginBottom": 5,
        }
      }
    >
      2 months ago
    </Text>
    <View
      style={
        Object {
          "flexDirection": "row",
        }
      }
    >
      <View
        style={
          Array [
            Object {
              "alignSelf": "flex-start",
              "borderRadius": 10,
              "flexDirection": "row",
              "paddingHorizontal": 6,
              "paddingVertical": 2,
            },
            undefined,
            Object {
              "backgroundColor": "#04844b",
              "marginRight": 5,
            },
          ]
        }
      >
        <Text
          style={
            Array [
              Object {
                "color": "white",
                "fontSize": 12,
                "fontWeight": "700",
              },
              Object {
                "color": "white",
              },
            ]
          }
        >
          Submitted
        </Text>
      </View>
      <Text
        allowFontScaling={false}
        style={
          Array [
            Object {
              "color": "#595959",
              "fontSize": 17,
            },
            undefined,
            Object {
              "fontFamily": "Material Design Icons",
              "fontStyle": "normal",
              "fontWeight": "normal",
            },
            Object {},
          ]
        }
      >
        
      </Text>
    </View>
  </View>
</View>
`;

exports[`TimeLineItem Should render TimeLineItem component 10`] = `
<View
  style={
    Object {
      "flexDirection": "row",
      "justifyContent": "space-between",
      "marginBottom": 1,
    }
  }
>
  <View
    style={
      Object {
        "flexDirection": "row",
      }
    }
  >
    <View
      style={
        Object {
          "alignItems": "center",
          "marginRight": 12,
          "width": 24,
        }
      }
    >
      <View
        style={
          Object {
            "alignContent": "center",
            "alignItems": "center",
            "backgroundColor": "#f88962",
            "borderRadius": 4,
            "height": 24,
            "marginBottom": 2,
            "padding": 3,
            "width": 24,
          }
        }
      >
        <Text
          allowFontScaling={false}
          style={
            Array [
              Object {
                "color": "white",
                "fontSize": 17,
              },
              undefined,
              Object {
                "fontFamily": "Material Design Icons",
                "fontStyle": "normal",
                "fontWeight": "normal",
              },
              Object {},
            ]
          }
        >
          
        </Text>
      </View>
      <View
        style={
          Object {
            "backgroundColor": "#f88962",
            "flex": 1,
            "width": 2,
          }
        }
      />
    </View>
    <View
      style={
        Object {
          "paddingBottom": 24,
        }
      }
    >
      <View
        style={
          Object {
            "flexDirection": "row",
            "marginBottom": 3,
          }
        }
      >
        <Text
          style={
            Object {
              "color": "#0070d2",
              "fontSize": 13,
            }
          }
        >
          TransferIn
        </Text>
        <View
          style={
            Object {
              "flexDirection": "row",
            }
          }
        >
          <Text
            allowFontScaling={false}
            style={
              Array [
                Object {
                  "color": "black",
                  "fontSize": 14,
                },
                Object {
                  "marginHorizontal": 12,
                },
                Object {
                  "fontFamily": "Material Design Icons",
                  "fontStyle": "normal",
                  "fontWeight": "normal",
                },
                Object {},
              ]
            }
          >
            
          </Text>
          <Text
            style={
              Object {
                "color": "#0070d2",
                "fontSize": 13,
              }
            }
          />
        </View>
      </View>
      <View>
        <View
          style={
            Object {
              "flexDirection": "row",
            }
          }
        >
          <Text
            style={
              Object {
                "color": "#3e3e3c",
                "fontSize": 12,
              }
            }
          >
            Condition: 
          </Text>
          <Text
            style={
              Object {
                "color": "#080707",
                "fontSize": 12,
              }
            }
          >
            Undamaged
          </Text>
        </View>
      </View>
    </View>
  </View>
  <View
    style={
      Object {
        "alignItems": "flex-end",
      }
    }
  >
    <Text
      style={
        Object {
          "color": "#3e3e3c",
          "fontSize": 12,
          "marginBottom": 5,
        }
      }
    >
      2 months ago
    </Text>
    <View
      style={
        Object {
          "flexDirection": "row",
        }
      }
    >
      <View
        style={
          Array [
            Object {
              "alignSelf": "flex-start",
              "borderRadius": 10,
              "flexDirection": "row",
              "paddingHorizontal": 6,
              "paddingVertical": 2,
            },
            undefined,
            Object {
              "backgroundColor": "#04844b",
              "marginRight": 5,
            },
          ]
        }
      >
        <Text
          style={
            Array [
              Object {
                "color": "white",
                "fontSize": 12,
                "fontWeight": "700",
              },
              Object {
                "color": "white",
              },
            ]
          }
        >
          Submitted
        </Text>
      </View>
      <Text
        allowFontScaling={false}
        style={
          Array [
            Object {
              "color": "#595959",
              "fontSize": 17,
            },
            undefined,
            Object {
              "fontFamily": "Material Design Icons",
              "fontStyle": "normal",
              "fontWeight": "normal",
            },
            Object {},
          ]
        }
      >
        
      </Text>
    </View>
  </View>
</View>
`;

exports[`TimeLineItem Should render TimeLineItem component 11`] = `
<View
  style={
    Object {
      "flexDirection": "row",
      "justifyContent": "space-between",
      "marginBottom": 1,
    }
  }
>
  <View
    style={
      Object {
        "flexDirection": "row",
      }
    }
  >
    <View
      style={
        Object {
          "alignItems": "center",
          "marginRight": 12,
          "width": 24,
        }
      }
    >
      <View
        style={
          Object {
            "alignContent": "center",
            "alignItems": "center",
            "backgroundColor": "#f88962",
            "borderRadius": 4,
            "height": 24,
            "marginBottom": 2,
            "padding": 3,
            "width": 24,
          }
        }
      >
        <Text
          allowFontScaling={false}
          style={
            Array [
              Object {
                "color": "white",
                "fontSize": 17,
              },
              undefined,
              Object {
                "fontFamily": "Material Design Icons",
                "fontStyle": "normal",
                "fontWeight": "normal",
              },
              Object {},
            ]
          }
        >
          
        </Text>
      </View>
      <View
        style={
          Object {
            "backgroundColor": "#f88962",
            "flex": 1,
            "width": 2,
          }
        }
      />
    </View>
    <View
      style={
        Object {
          "paddingBottom": 24,
        }
      }
    >
      <View
        style={
          Object {
            "flexDirection": "row",
            "marginBottom": 3,
          }
        }
      >
        <Text
          style={
            Object {
              "color": "#0070d2",
              "fontSize": 13,
            }
          }
        >
          TransferOut
        </Text>
        <View
          style={
            Object {
              "flexDirection": "row",
            }
          }
        >
          <Text
            allowFontScaling={false}
            style={
              Array [
                Object {
                  "color": "black",
                  "fontSize": 14,
                },
                Object {
                  "marginHorizontal": 12,
                },
                Object {
                  "fontFamily": "Material Design Icons",
                  "fontStyle": "normal",
                  "fontWeight": "normal",
                },
                Object {},
              ]
            }
          >
            
          </Text>
          <Text
            style={
              Object {
                "color": "#0070d2",
                "fontSize": 13,
              }
            }
          />
        </View>
      </View>
      <View>
        <View
          style={
            Object {
              "flexDirection": "row",
            }
          }
        >
          <Text
            style={
              Object {
                "color": "#3e3e3c",
                "fontSize": 12,
              }
            }
          >
            Shipment: 
          </Text>
          <Text
            style={
              Object {
                "color": "#080707",
                "fontSize": 12,
              }
            }
          >
            May 3, 2020 06:19 pm
          </Text>
        </View>
      </View>
    </View>
  </View>
  <View
    style={
      Object {
        "alignItems": "flex-end",
      }
    }
  >
    <Text
      style={
        Object {
          "color": "#3e3e3c",
          "fontSize": 12,
          "marginBottom": 5,
        }
      }
    >
      2 months ago
    </Text>
    <View
      style={
        Object {
          "flexDirection": "row",
        }
      }
    >
      <View
        style={
          Array [
            Object {
              "alignSelf": "flex-start",
              "borderRadius": 10,
              "flexDirection": "row",
              "paddingHorizontal": 6,
              "paddingVertical": 2,
            },
            undefined,
            Object {
              "backgroundColor": "#04844b",
              "marginRight": 5,
            },
          ]
        }
      >
        <Text
          style={
            Array [
              Object {
                "color": "white",
                "fontSize": 12,
                "fontWeight": "700",
              },
              Object {
                "color": "white",
              },
            ]
          }
        >
          Submitted
        </Text>
      </View>
      <Text
        allowFontScaling={false}
        style={
          Array [
            Object {
              "color": "#595959",
              "fontSize": 17,
            },
            undefined,
            Object {
              "fontFamily": "Material Design Icons",
              "fontStyle": "normal",
              "fontWeight": "normal",
            },
            Object {},
          ]
        }
      >
        
      </Text>
    </View>
  </View>
</View>
`;

exports[`TimeLineItem Should render TimeLineItem component 12`] = `
<View
  style={
    Object {
      "flexDirection": "row",
      "justifyContent": "space-between",
      "marginBottom": 1,
    }
  }
>
  <View
    style={
      Object {
        "flexDirection": "row",
      }
    }
  >
    <View
      style={
        Object {
          "alignItems": "center",
          "marginRight": 12,
          "width": 24,
        }
      }
    >
      <View
        style={
          Object {
            "alignContent": "center",
            "alignItems": "center",
            "backgroundColor": "#b781d3",
            "borderRadius": 4,
            "height": 24,
            "marginBottom": 2,
            "padding": 3,
            "width": 24,
          }
        }
      >
        <Text
          allowFontScaling={false}
          style={
            Array [
              Object {
                "color": "white",
                "fontSize": 17,
              },
              undefined,
              Object {
                "fontFamily": "Material Design Icons",
                "fontStyle": "normal",
                "fontWeight": "normal",
              },
              Object {},
            ]
          }
        >
          
        </Text>
      </View>
      <View
        style={
          Object {
            "backgroundColor": "#b781d3",
            "flex": 1,
            "width": 2,
          }
        }
      />
    </View>
    <View
      style={
        Object {
          "paddingBottom": 24,
        }
      }
    >
      <View
        style={
          Object {
            "flexDirection": "row",
            "marginBottom": 3,
          }
        }
      >
        <Text
          style={
            Object {
              "color": "#0070d2",
              "fontSize": 13,
            }
          }
        >
          Return
        </Text>
      </View>
      <View>
        <View
          style={
            Object {
              "flexDirection": "row",
            }
          }
        >
          <Text
            style={
              Object {
                "color": "#3e3e3c",
                "fontSize": 12,
              }
            }
          >
            Return: 
          </Text>
          <Text
            style={
              Object {
                "color": "#080707",
                "fontSize": 12,
              }
            }
          />
        </View>
      </View>
    </View>
  </View>
  <View
    style={
      Object {
        "alignItems": "flex-end",
      }
    }
  >
    <Text
      style={
        Object {
          "color": "#3e3e3c",
          "fontSize": 12,
          "marginBottom": 5,
        }
      }
    >
      2 months ago
    </Text>
    <View
      style={
        Object {
          "flexDirection": "row",
        }
      }
    >
      <View
        style={
          Array [
            Object {
              "alignSelf": "flex-start",
              "borderRadius": 10,
              "flexDirection": "row",
              "paddingHorizontal": 6,
              "paddingVertical": 2,
            },
            undefined,
            Object {
              "backgroundColor": "#04844b",
              "marginRight": 5,
            },
          ]
        }
      >
        <Text
          style={
            Array [
              Object {
                "color": "white",
                "fontSize": 12,
                "fontWeight": "700",
              },
              Object {
                "color": "white",
              },
            ]
          }
        >
          Submitted
        </Text>
      </View>
      <Text
        allowFontScaling={false}
        style={
          Array [
            Object {
              "color": "#595959",
              "fontSize": 17,
            },
            undefined,
            Object {
              "fontFamily": "Material Design Icons",
              "fontStyle": "normal",
              "fontWeight": "normal",
            },
            Object {},
          ]
        }
      >
        
      </Text>
    </View>
  </View>
</View>
`;

exports[`TimeLineItem Should render TimeLineItem component 13`] = `
<View
  style={
    Object {
      "flexDirection": "row",
      "justifyContent": "space-between",
      "marginBottom": 1,
    }
  }
>
  <View
    style={
      Object {
        "flexDirection": "row",
      }
    }
  >
    <View
      style={
        Object {
          "alignItems": "center",
          "marginRight": 12,
          "width": 24,
        }
      }
    >
      <View
        style={
          Object {
            "alignContent": "center",
            "alignItems": "center",
            "backgroundColor": "#b781d3",
            "borderRadius": 4,
            "height": 24,
            "marginBottom": 2,
            "padding": 3,
            "width": 24,
          }
        }
      >
        <Text
          allowFontScaling={false}
          style={
            Array [
              Object {
                "color": "white",
                "fontSize": 17,
              },
              undefined,
              Object {
                "fontFamily": "Material Design Icons",
                "fontStyle": "normal",
                "fontWeight": "normal",
              },
              Object {},
            ]
          }
        >
          
        </Text>
      </View>
      <View
        style={
          Object {
            "backgroundColor": "#b781d3",
            "flex": 1,
            "width": 2,
          }
        }
      />
    </View>
    <View
      style={
        Object {
          "paddingBottom": 24,
        }
      }
    >
      <View
        style={
          Object {
            "flexDirection": "row",
            "marginBottom": 3,
          }
        }
      >
        <Text
          style={
            Object {
              "color": "#0070d2",
              "fontSize": 13,
            }
          }
        >
          Return
        </Text>
      </View>
      <View>
        <View
          style={
            Object {
              "flexDirection": "row",
            }
          }
        >
          <Text
            style={
              Object {
                "color": "#3e3e3c",
                "fontSize": 12,
              }
            }
          >
            Return: 
          </Text>
          <Text
            style={
              Object {
                "color": "#080707",
                "fontSize": 12,
              }
            }
          />
        </View>
      </View>
    </View>
  </View>
  <View
    style={
      Object {
        "alignItems": "flex-end",
      }
    }
  >
    <Text
      style={
        Object {
          "color": "#3e3e3c",
          "fontSize": 12,
          "marginBottom": 5,
        }
      }
    >
      2 months ago
    </Text>
    <View
      style={
        Object {
          "flexDirection": "row",
        }
      }
    >
      <View
        style={
          Array [
            Object {
              "alignSelf": "flex-start",
              "borderRadius": 10,
              "flexDirection": "row",
              "paddingHorizontal": 6,
              "paddingVertical": 2,
            },
            undefined,
            Object {
              "backgroundColor": "#04844b",
              "marginRight": 5,
            },
          ]
        }
      >
        <Text
          style={
            Array [
              Object {
                "color": "white",
                "fontSize": 12,
                "fontWeight": "700",
              },
              Object {
                "color": "white",
              },
            ]
          }
        >
          Submitted
        </Text>
      </View>
      <Text
        allowFontScaling={false}
        style={
          Array [
            Object {
              "color": "#595959",
              "fontSize": 17,
            },
            undefined,
            Object {
              "fontFamily": "Material Design Icons",
              "fontStyle": "normal",
              "fontWeight": "normal",
            },
            Object {},
          ]
        }
      >
        
      </Text>
    </View>
  </View>
</View>
`;
